Archive member included to satisfy reference by file (symbol)

c:/ac6/systemworkbench/plugins/fr.ac6.mcu.externaltools.arm-none.win32_1.17.0.201812190825/tools/compiler/bin/../lib/gcc/arm-none-eabi/7.3.1/thumb/v7e-m/fpv4-sp/hard\libgcc.a(_aeabi_uldivmod.o)
                              Drivers/STM32F4xx_HAL_Driver/Src/stm32f4xx_hal_rcc.o (__aeabi_uldivmod)
c:/ac6/systemworkbench/plugins/fr.ac6.mcu.externaltools.arm-none.win32_1.17.0.201812190825/tools/compiler/bin/../lib/gcc/arm-none-eabi/7.3.1/thumb/v7e-m/fpv4-sp/hard\libgcc.a(_udivmoddi4.o)
                              c:/ac6/systemworkbench/plugins/fr.ac6.mcu.externaltools.arm-none.win32_1.17.0.201812190825/tools/compiler/bin/../lib/gcc/arm-none-eabi/7.3.1/thumb/v7e-m/fpv4-sp/hard\libgcc.a(_aeabi_uldivmod.o) (__udivmoddi4)
c:/ac6/systemworkbench/plugins/fr.ac6.mcu.externaltools.arm-none.win32_1.17.0.201812190825/tools/compiler/bin/../lib/gcc/arm-none-eabi/7.3.1/thumb/v7e-m/fpv4-sp/hard\libgcc.a(_dvmd_tls.o)
                              c:/ac6/systemworkbench/plugins/fr.ac6.mcu.externaltools.arm-none.win32_1.17.0.201812190825/tools/compiler/bin/../lib/gcc/arm-none-eabi/7.3.1/thumb/v7e-m/fpv4-sp/hard\libgcc.a(_aeabi_uldivmod.o) (__aeabi_ldiv0)
c:/ac6/systemworkbench/plugins/fr.ac6.mcu.externaltools.arm-none.win32_1.17.0.201812190825/tools/compiler/bin/../lib/gcc/arm-none-eabi/7.3.1/../../../../arm-none-eabi/lib/thumb/v7e-m/fpv4-sp/hard\libc_nano.a(lib_a-errno.o)
                              Core/Src/syscalls.o (__errno)
c:/ac6/systemworkbench/plugins/fr.ac6.mcu.externaltools.arm-none.win32_1.17.0.201812190825/tools/compiler/bin/../lib/gcc/arm-none-eabi/7.3.1/../../../../arm-none-eabi/lib/thumb/v7e-m/fpv4-sp/hard\libc_nano.a(lib_a-exit.o)
                              c:/ac6/systemworkbench/plugins/fr.ac6.mcu.externaltools.arm-none.win32_1.17.0.201812190825/tools/compiler/bin/../lib/gcc/arm-none-eabi/7.3.1/../../../../arm-none-eabi/lib/thumb/v7e-m/fpv4-sp/hard/crt0.o (exit)
c:/ac6/systemworkbench/plugins/fr.ac6.mcu.externaltools.arm-none.win32_1.17.0.201812190825/tools/compiler/bin/../lib/gcc/arm-none-eabi/7.3.1/../../../../arm-none-eabi/lib/thumb/v7e-m/fpv4-sp/hard\libc_nano.a(lib_a-impure.o)
                              c:/ac6/systemworkbench/plugins/fr.ac6.mcu.externaltools.arm-none.win32_1.17.0.201812190825/tools/compiler/bin/../lib/gcc/arm-none-eabi/7.3.1/../../../../arm-none-eabi/lib/thumb/v7e-m/fpv4-sp/hard\libc_nano.a(lib_a-exit.o) (_global_impure_ptr)
c:/ac6/systemworkbench/plugins/fr.ac6.mcu.externaltools.arm-none.win32_1.17.0.201812190825/tools/compiler/bin/../lib/gcc/arm-none-eabi/7.3.1/../../../../arm-none-eabi/lib/thumb/v7e-m/fpv4-sp/hard\libc_nano.a(lib_a-init.o)
                              c:/ac6/systemworkbench/plugins/fr.ac6.mcu.externaltools.arm-none.win32_1.17.0.201812190825/tools/compiler/bin/../lib/gcc/arm-none-eabi/7.3.1/../../../../arm-none-eabi/lib/thumb/v7e-m/fpv4-sp/hard/crt0.o (__libc_init_array)
c:/ac6/systemworkbench/plugins/fr.ac6.mcu.externaltools.arm-none.win32_1.17.0.201812190825/tools/compiler/bin/../lib/gcc/arm-none-eabi/7.3.1/../../../../arm-none-eabi/lib/thumb/v7e-m/fpv4-sp/hard\libc_nano.a(lib_a-malloc.o)
                              Middlewares/ST/STM32_USB_Host_Library/Class/CDC/Src/usbh_cdc.o (malloc)
c:/ac6/systemworkbench/plugins/fr.ac6.mcu.externaltools.arm-none.win32_1.17.0.201812190825/tools/compiler/bin/../lib/gcc/arm-none-eabi/7.3.1/../../../../arm-none-eabi/lib/thumb/v7e-m/fpv4-sp/hard\libc_nano.a(lib_a-memset.o)
                              c:/ac6/systemworkbench/plugins/fr.ac6.mcu.externaltools.arm-none.win32_1.17.0.201812190825/tools/compiler/bin/../lib/gcc/arm-none-eabi/7.3.1/../../../../arm-none-eabi/lib/thumb/v7e-m/fpv4-sp/hard/crt0.o (memset)
c:/ac6/systemworkbench/plugins/fr.ac6.mcu.externaltools.arm-none.win32_1.17.0.201812190825/tools/compiler/bin/../lib/gcc/arm-none-eabi/7.3.1/../../../../arm-none-eabi/lib/thumb/v7e-m/fpv4-sp/hard\libc_nano.a(lib_a-nano-freer.o)
                              c:/ac6/systemworkbench/plugins/fr.ac6.mcu.externaltools.arm-none.win32_1.17.0.201812190825/tools/compiler/bin/../lib/gcc/arm-none-eabi/7.3.1/../../../../arm-none-eabi/lib/thumb/v7e-m/fpv4-sp/hard\libc_nano.a(lib_a-malloc.o) (_free_r)
c:/ac6/systemworkbench/plugins/fr.ac6.mcu.externaltools.arm-none.win32_1.17.0.201812190825/tools/compiler/bin/../lib/gcc/arm-none-eabi/7.3.1/../../../../arm-none-eabi/lib/thumb/v7e-m/fpv4-sp/hard\libc_nano.a(lib_a-nano-mallocr.o)
                              c:/ac6/systemworkbench/plugins/fr.ac6.mcu.externaltools.arm-none.win32_1.17.0.201812190825/tools/compiler/bin/../lib/gcc/arm-none-eabi/7.3.1/../../../../arm-none-eabi/lib/thumb/v7e-m/fpv4-sp/hard\libc_nano.a(lib_a-malloc.o) (_malloc_r)
c:/ac6/systemworkbench/plugins/fr.ac6.mcu.externaltools.arm-none.win32_1.17.0.201812190825/tools/compiler/bin/../lib/gcc/arm-none-eabi/7.3.1/../../../../arm-none-eabi/lib/thumb/v7e-m/fpv4-sp/hard\libc_nano.a(lib_a-sbrkr.o)
[...]
Memory Configuration

Name             Origin             Length             Attributes
RAM              0x20000000         0x00020000         xrw
CCMRAM           0x10000000         0x00010000         xrw
FLASH            0x08000000         0x00100000         xr
*default*        0x00000000         0xffffffff

Linker script and memory map

LOAD c:/ac6/systemworkbench/plugins/fr.ac6.mcu.externaltools.arm-none.win32_1.17.0.201812190825/tools/compiler/bin/../lib/gcc/arm-none-eabi/7.3.1/thumb/v7e-m/fpv4-sp/hard/crti.o
LOAD c:/ac6/systemworkbench/plugins/fr.ac6.mcu.externaltools.arm-none.win32_1.17.0.201812190825/tools/compiler/bin/../lib/gcc/arm-none-eabi/7.3.1/thumb/v7e-m/fpv4-sp/hard/crtbegin.o
LOAD c:/ac6/systemworkbench/plugins/fr.ac6.mcu.externaltools.arm-none.win32_1.17.0.201812190825/tools/compiler/bin/../lib/gcc/arm-none-eabi/7.3.1/../../../../arm-none-eabi/lib/thumb/v7e-m/fpv4-sp/hard/crt0.o
LOAD Core/Src/main.o
LOAD Core/Src/stm32f4xx_hal_msp.o
LOAD Core/Src/stm32f4xx_it.o
LOAD Core/Src/syscalls.o
LOAD Core/Src/system_stm32f4xx.o
LOAD Drivers/STM32F4xx_HAL_Driver/Src/stm32f4xx_hal.o
LOAD Drivers/STM32F4xx_HAL_Driver/Src/stm32f4xx_hal_cortex.o
LOAD Drivers/STM32F4xx_HAL_Driver/Src/stm32f4xx_hal_dma.o
LOAD Drivers/STM32F4xx_HAL_Driver/Src/stm32f4xx_hal_dma_ex.o
LOAD Drivers/STM32F4xx_HAL_Driver/Src/stm32f4xx_hal_exti.o
LOAD Drivers/STM32F4xx_HAL_Driver/Src/stm32f4xx_hal_flash.o
LOAD Drivers/STM32F4xx_HAL_Driver/Src/stm32f4xx_hal_flash_ex.o
LOAD Drivers/STM32F4xx_HAL_Driver/Src/stm32f4xx_hal_flash_ramfunc.o
LOAD Drivers/STM32F4xx_HAL_Driver/Src/stm32f4xx_hal_gpio.o
LOAD Drivers/STM32F4xx_HAL_Driver/Src/stm32f4xx_hal_hcd.o
LOAD Drivers/STM32F4xx_HAL_Driver/Src/stm32f4xx_hal_i2c.o
LOAD Drivers/STM32F4xx_HAL_Driver/Src/stm32f4xx_hal_i2c_ex.o
LOAD Drivers/STM32F4xx_HAL_Driver/Src/stm32f4xx_hal_i2s.o
LOAD Drivers/STM32F4xx_HAL_Driver/Src/stm32f4xx_hal_i2s_ex.o
LOAD Drivers/STM32F4xx_HAL_Driver/Src/stm32f4xx_hal_pwr.o
LOAD Drivers/STM32F4xx_HAL_Driver/Src/stm32f4xx_hal_pwr_ex.o
LOAD Drivers/STM32F4xx_HAL_Driver/Src/stm32f4xx_hal_rcc.o
LOAD Drivers/STM32F4xx_HAL_Driver/Src/stm32f4xx_hal_rcc_ex.o
LOAD Drivers/STM32F4xx_HAL_Driver/Src/stm32f4xx_hal_spi.o
LOAD Drivers/STM32F4xx_HAL_Driver/Src/stm32f4xx_hal_tim.o
LOAD Drivers/STM32F4xx_HAL_Driver/Src/stm32f4xx_hal_tim_ex.o
LOAD Drivers/STM32F4xx_HAL_Driver/Src/stm32f4xx_ll_usb.o
LOAD Middlewares/ST/STM32_USB_Host_Library/Class/CDC/Src/usbh_cdc.o
LOAD Middlewares/ST/STM32_USB_Host_Library/Core/Src/usbh_core.o
LOAD Middlewares/ST/STM32_USB_Host_Library/Core/Src/usbh_ctlreq.o
LOAD Middlewares/ST/STM32_USB_Host_Library/Core/Src/usbh_ioreq.o
LOAD Middlewares/ST/STM32_USB_Host_Library/Core/Src/usbh_pipes.o
LOAD USB_HOST/App/usb_host.o
LOAD USB_HOST/Target/usbh_conf.o
LOAD USB_HOST/Target/usbh_platform.o
LOAD startup/startup_stm32f407xx.o
LOAD c:/ac6/systemworkbench/plugins/fr.ac6.mcu.externaltools.arm-none.win32_1.17.0.201812190825/tools/compiler/bin/../lib/gcc/arm-none-eabi/7.3.1/../../../../arm-none-eabi/lib/thumb/v7e-m/fpv4-sp/hard\libm.a
START GROUP
LOAD c:/ac6/systemworkbench/plugins/fr.ac6.mcu.externaltools.arm-none.win32_1.17.0.201812190825/tools/compiler/bin/../lib/gcc/arm-none-eabi/7.3.1/thumb/v7e-m/fpv4-sp/hard\libgcc.a
LOAD c:/ac6/systemworkbench/plugins/fr.ac6.mcu.externaltools.arm-none.win32_1.17.0.201812190825/tools/compiler/bin/../lib/gcc/arm-none-eabi/7.3.1/../../../../arm-none-eabi/lib/thumb/v7e-m/fpv4-sp/hard\libc_nano.a
END GROUP
START GROUP
LOAD c:/ac6/systemworkbench/plugins/fr.ac6.mcu.externaltools.arm-none.win32_1.17.0.201812190825/tools/compiler/bin/../lib/gcc/arm-none-eabi/7.3.1/thumb/v7e-m/fpv4-sp/hard\libgcc.a
LOAD c:/ac6/systemworkbench/plugins/fr.ac6.mcu.externaltools.arm-none.win32_1.17.0.201812190825/tools/compiler/bin/../lib/gcc/arm-none-eabi/7.3.1/../../../../arm-none-eabi/lib/thumb/v7e-m/fpv4-sp/hard\libc_nano.a
LOAD c:/ac6/systemworkbench/plugins/fr.ac6.mcu.externaltools.arm-none.win32_1.17.0.201812190825/tools/compiler/bin/../lib/gcc/arm-none-eabi/7.3.1/../../../../arm-none-eabi/lib/thumb/v7e-m/fpv4-sp/hard\libnosys.a
END GROUP
START GROUP
LOAD c:/ac6/systemworkbench/plugins/fr.ac6.mcu.externaltools.arm-none.win32_1.17.0.201812190825/tools/compiler/bin/../lib/gcc/arm-none-eabi/7.3.1/thumb/v7e-m/fpv4-sp/hard\libgcc.a
LOAD c:/ac6/systemworkbench/plugins/fr.ac6.mcu.externaltools.arm-none.win32_1.17.0.201812190825/tools/compiler/bin/../lib/gcc/arm-none-eabi/7.3.1/../../../../arm-none-eabi/lib/thumb/v7e-m/fpv4-sp/hard\libc_nano.a
LOAD c:/ac6/systemworkbench/plugins/fr.ac6.mcu.externaltools.arm-none.win32_1.17.0.201812190825/tools/compiler/bin/../lib/gcc/arm-none-eabi/7.3.1/../../../../arm-none-eabi/lib/thumb/v7e-m/fpv4-sp/hard\libnosys.a
END GROUP
LOAD c:/ac6/systemworkbench/plugins/fr.ac6.mcu.externaltools.arm-none.win32_1.17.0.201812190825/tools/compiler/bin/../lib/gcc/arm-none-eabi/7.3.1/thumb/v7e-m/fpv4-sp/hard/crtend.o
LOAD c:/ac6/systemworkbench/plugins/fr.ac6.mcu.externaltools.arm-none.win32_1.17.0.201812190825/tools/compiler/bin/../lib/gcc/arm-none-eabi/7.3.1/thumb/v7e-m/fpv4-sp/hard/crtn.o
                0x20020000                _estack = 0x20020000
                0x00000200                _Min_Heap_Size = 0x200
                0x00000400                _Min_Stack_Size = 0x400

.isr_vector     0x08000000      0x188
                0x08000000                . = ALIGN (0x4)
 *(.isr_vector)
 .isr_vector    0x08000000      0x188 startup/startup_stm32f407xx.o
                0x08000000                g_pfnVectors
                0x08000188                . = ALIGN (0x4)

.text           0x08000188     0x4748
                0x08000188                . = ALIGN (0x4)
 *(.text)
 .text          0x08000188       0x40 c:/ac6/systemworkbench/plugins/fr.ac6.mcu.externaltools.arm-none.win32_1.17.0.201812190825/tools/compiler/bin/../lib/gcc/arm-none-eabi/7.3.1/thumb/v7e-m/fpv4-sp/hard/crtbegin.o
 .text          0x080001c8       0x30 c:/ac6/systemworkbench/plugins/fr.ac6.mcu.externaltools.arm-none.win32_1.17.0.201812190825/tools/compiler/bin/../lib/gcc/arm-none-eabi/7.3.1/thumb/v7e-m/fpv4-sp/hard\libgcc.a(_aeabi_uldivmod.o)
                0x080001c8                __aeabi_uldivmod
 .text          0x080001f8      0x2cc c:/ac6/systemworkbench/plugins/fr.ac6.mcu.externaltools.arm-none.win32_1.17.0.201812190825/tools/compiler/bin/../lib/gcc/arm-none-eabi/7.3.1/thumb/v7e-m/fpv4-sp/hard\libgcc.a(_udivmoddi4.o)
                0x080001f8                __udivmoddi4
 .text          0x080004c4        0x4 c:/ac6/systemworkbench/plugins/fr.ac6.mcu.externaltools.arm-none.win32_1.17.0.201812190825/tools/compiler/bin/../lib/gcc/arm-none-eabi/7.3.1/thumb/v7e-m/fpv4-sp/hard\libgcc.a(_dvmd_tls.o)
                0x080004c4                __aeabi_idiv0
                0x080004c4                __aeabi_ldiv0
 *(.text*)
 .text.MX_GPIO_Init
                0x080004c8      0x188 Core/Src/main.o
 .text.Error_Handler
                0x08000650        0x4 Core/Src/main.o
                0x08000650                Error_Handler
 .text.MX_I2C1_Init
                0x08000654       0x38 Core/Src/main.o
 .text.MX_I2S3_Init
                0x0800068c       0x38 Core/Src/main.o
 .text.MX_SPI1_Init
                0x080006c4       0x40 Core/Src/main.o
 .text.SystemClock_Config
                0x08000704       0xac Core/Src/main.o
                0x08000704                SystemClock_Config
 .text.main     0x080007b0       0x5c Core/Src/main.o
                0x080007b0                main
 .text.HAL_MspInit
                0x0800080c       0x40 Core/Src/stm32f4xx_hal_msp.o
                0x0800080c                HAL_MspInit
 .text.HAL_I2C_MspInit
                0x0800084c       0x70 Core/Src/stm32f4xx_hal_msp.o
                0x0800084c                HAL_I2C_MspInit
 .text.HAL_I2S_MspInit
                0x080008bc       0xbc Core/Src/stm32f4xx_hal_msp.o
                0x080008bc                HAL_I2S_MspInit
 .text.HAL_SPI_MspInit
                0x08000978       0x6c Core/Src/stm32f4xx_hal_msp.o
                0x08000978                HAL_SPI_MspInit
 .text.NMI_Handler
                0x080009e4        0x2 Core/Src/stm32f4xx_it.o
                0x080009e4                NMI_Handler
 .text.HardFault_Handler
                0x080009e6        0x2 Core/Src/stm32f4xx_it.o
                0x080009e6                HardFault_Handler
 .text.MemManage_Handler
                0x080009e8        0x2 Core/Src/stm32f4xx_it.o
                0x080009e8                MemManage_Handler
 .text.BusFault_Handler
                0x080009ea        0x2 Core/Src/stm32f4xx_it.o
                0x080009ea                BusFault_Handler
 .text.UsageFault_Handler
                0x080009ec        0x2 Core/Src/stm32f4xx_it.o
                0x080009ec                UsageFault_Handler
 .text.SVC_Handler
                0x080009ee        0x2 Core/Src/stm32f4xx_it.o
                0x080009ee                SVC_Handler
 .text.DebugMon_Handler
                0x080009f0        0x2 Core/Src/stm32f4xx_it.o
                0x080009f0                DebugMon_Handler
 .text.PendSV_Handler
                0x080009f2        0x2 Core/Src/stm32f4xx_it.o
                0x080009f2                PendSV_Handler
 .text.SysTick_Handler
                0x080009f4        0x8 Core/Src/stm32f4xx_it.o
                0x080009f4                SysTick_Handler
 .text.OTG_FS_IRQHandler
                0x080009fc       0x10 Core/Src/stm32f4xx_it.o
                0x080009fc                OTG_FS_IRQHandler
 .text._sbrk    0x08000a0c       0x3c Core/Src/syscalls.o
                0x08000a0c                _sbrk
 .text.SystemInit
                0x08000a48       0x14 Core/Src/system_stm32f4xx.o
                0x08000a48                SystemInit
 .text.HAL_InitTick
                0x08000a5c       0x48 Drivers/STM32F4xx_HAL_Driver/Src/stm32f4xx_hal.o
                0x08000a5c                HAL_InitTick
 .text.HAL_Init
                0x08000aa4       0x34 Drivers/STM32F4xx_HAL_Driver/Src/stm32f4xx_hal.o
                0x08000aa4                HAL_Init
 .text.HAL_IncTick
                0x08000ad8       0x18 Drivers/STM32F4xx_HAL_Driver/Src/stm32f4xx_hal.o
                0x08000ad8                HAL_IncTick
 .text.HAL_GetTick
                0x08000af0        0xc Drivers/STM32F4xx_HAL_Driver/Src/stm32f4xx_hal.o
                0x08000af0                HAL_GetTick
 .text.HAL_Delay
                0x08000afc       0x28 Drivers/STM32F4xx_HAL_Driver/Src/stm32f4xx_hal.o
                0x08000afc                HAL_Delay
 .text.HAL_NVIC_SetPriorityGrouping
                0x08000b24       0x24 Drivers/STM32F4xx_HAL_Driver/Src/stm32f4xx_hal_cortex.o
                0x08000b24                HAL_NVIC_SetPriorityGrouping
 .text.HAL_NVIC_SetPriority
                0x08000b48       0x68 Drivers/STM32F4xx_HAL_Driver/Src/stm32f4xx_hal_cortex.o
                0x08000b48                HAL_NVIC_SetPriority
 .text.HAL_NVIC_EnableIRQ
                0x08000bb0       0x1c Drivers/STM32F4xx_HAL_Driver/Src/stm32f4xx_hal_cortex.o
                0x08000bb0                HAL_NVIC_EnableIRQ
 .text.HAL_SYSTICK_Config
                0x08000bcc       0x2c Drivers/STM32F4xx_HAL_Driver/Src/stm32f4xx_hal_cortex.o
                0x08000bcc                HAL_SYSTICK_Config
 .text.HAL_GPIO_Init
                0x08000bf8      0x1d4 Drivers/STM32F4xx_HAL_Driver/Src/stm32f4xx_hal_gpio.o
                0x08000bf8                HAL_GPIO_Init
 .text.HAL_GPIO_ReadPin
                0x08000dcc        0xe Drivers/STM32F4xx_HAL_Driver/Src/stm32f4xx_hal_gpio.o
                0x08000dcc                HAL_GPIO_ReadPin
 .text.HAL_GPIO_WritePin
                0x08000dda        0xc Drivers/STM32F4xx_HAL_Driver/Src/stm32f4xx_hal_gpio.o
                0x08000dda                HAL_GPIO_WritePin
 .text.HCD_RXQLVL_IRQHandler
                0x08000de6       0x98 Drivers/STM32F4xx_HAL_Driver/Src/stm32f4xx_hal_hcd.o
 .text.HAL_HCD_HC_Init
                0x08000e7e       0x8e Drivers/STM32F4xx_HAL_Driver/Src/stm32f4xx_hal_hcd.o
                0x08000e7e                HAL_HCD_HC_Init
 .text.HAL_HCD_HC_Halt
                0x08000f0c       0x24 Drivers/STM32F4xx_HAL_Driver/Src/stm32f4xx_hal_hcd.o
                0x08000f0c                HAL_HCD_HC_Halt
 .text.HAL_HCD_Init
                0x08000f30       0x94 Drivers/STM32F4xx_HAL_Driver/Src/stm32f4xx_hal_hcd.o
                0x08000f30                HAL_HCD_Init
 .text.HAL_HCD_HC_SubmitRequest
                0x08000fc4      0x160 Drivers/STM32F4xx_HAL_Driver/Src/stm32f4xx_hal_hcd.o
                0x08000fc4                HAL_HCD_HC_SubmitRequest
 .text.HCD_Port_IRQHandler
                0x08001124       0xb0 Drivers/STM32F4xx_HAL_Driver/Src/stm32f4xx_hal_hcd.o
 .text.HCD_HC_IN_IRQHandler
                0x080011d4      0x324 Drivers/STM32F4xx_HAL_Driver/Src/stm32f4xx_hal_hcd.o
 .text.HCD_HC_OUT_IRQHandler
                0x080014f8      0x30e Drivers/STM32F4xx_HAL_Driver/Src/stm32f4xx_hal_hcd.o
 .text.HAL_HCD_IRQHandler
                0x08001806      0x156 Drivers/STM32F4xx_HAL_Driver/Src/stm32f4xx_hal_hcd.o
                0x08001806                HAL_HCD_IRQHandler
 .text.HAL_HCD_Start
                0x0800195c       0x2a Drivers/STM32F4xx_HAL_Driver/Src/stm32f4xx_hal_hcd.o
                0x0800195c                HAL_HCD_Start
 .text.HAL_HCD_Stop
                0x08001986       0x24 Drivers/STM32F4xx_HAL_Driver/Src/stm32f4xx_hal_hcd.o
                0x08001986                HAL_HCD_Stop
 .text.HAL_HCD_ResetPort
                0x080019aa        0xa Drivers/STM32F4xx_HAL_Driver/Src/stm32f4xx_hal_hcd.o
                0x080019aa                HAL_HCD_ResetPort
 .text.HAL_HCD_HC_GetURBState
                0x080019b4        0xc Drivers/STM32F4xx_HAL_Driver/Src/stm32f4xx_hal_hcd.o
                0x080019b4                HAL_HCD_HC_GetURBState
 .text.HAL_HCD_HC_GetXferCount
                0x080019c0        0xa Drivers/STM32F4xx_HAL_Driver/Src/stm32f4xx_hal_hcd.o
                0x080019c0                HAL_HCD_HC_GetXferCount
 .text.HAL_HCD_GetCurrentFrame
                0x080019ca        0xa Drivers/STM32F4xx_HAL_Driver/Src/stm32f4xx_hal_hcd.o
                0x080019ca                HAL_HCD_GetCurrentFrame
 .text.HAL_HCD_GetCurrentSpeed
                0x080019d4        0xa Drivers/STM32F4xx_HAL_Driver/Src/stm32f4xx_hal_hcd.o
                0x080019d4                HAL_HCD_GetCurrentSpeed
 *fill*         0x080019de        0x2 
 .text.HAL_I2C_Init
                0x080019e0      0x1b4 Drivers/STM32F4xx_HAL_Driver/Src/stm32f4xx_hal_i2c.o
                0x080019e0                HAL_I2C_Init
 .text.HAL_I2S_Init
                0x08001b94      0x198 Drivers/STM32F4xx_HAL_Driver/Src/stm32f4xx_hal_i2s.o
                0x08001b94                HAL_I2S_Init
 .text.HAL_I2S_TxCpltCallback
                0x08001d2c        0x2 Drivers/STM32F4xx_HAL_Driver/Src/stm32f4xx_hal_i2s.o
                0x08001d2c                HAL_I2S_TxCpltCallback
 .text.I2S_Transmit_IT
                0x08001d2e       0x36 Drivers/STM32F4xx_HAL_Driver/Src/stm32f4xx_hal_i2s.o
 .text.HAL_I2S_RxCpltCallback
                0x08001d64        0x2 Drivers/STM32F4xx_HAL_Driver/Src/stm32f4xx_hal_i2s.o
                0x08001d64                HAL_I2S_RxCpltCallback
 .text.I2S_Receive_IT
                0x08001d66       0x36 Drivers/STM32F4xx_HAL_Driver/Src/stm32f4xx_hal_i2s.o
 .text.HAL_I2S_ErrorCallback
                0x08001d9c        0x2 Drivers/STM32F4xx_HAL_Driver/Src/stm32f4xx_hal_i2s.o
                0x08001d9c                HAL_I2S_ErrorCallback
 .text.I2S_IRQHandler
                0x08001d9e       0xd0 Drivers/STM32F4xx_HAL_Driver/Src/stm32f4xx_hal_i2s.o
 .text.HAL_I2SEx_TxRxCpltCallback
                0x08001e6e        0x2 Drivers/STM32F4xx_HAL_Driver/Src/stm32f4xx_hal_i2s_ex.o
                0x08001e6e                HAL_I2SEx_TxRxCpltCallback
 .text.I2SEx_TxISR_I2S
                0x08001e70       0x3a Drivers/STM32F4xx_HAL_Driver/Src/stm32f4xx_hal_i2s_ex.o
 *fill*         0x08001eaa        0x2 
 .text.I2SEx_RxISR_I2SExt
                0x08001eac       0x60 Drivers/STM32F4xx_HAL_Driver/Src/stm32f4xx_hal_i2s_ex.o
 .text.I2SEx_TxISR_I2SExt
                0x08001f0c       0x60 Drivers/STM32F4xx_HAL_Driver/Src/stm32f4xx_hal_i2s_ex.o
 .text.I2SEx_RxISR_I2S
                0x08001f6c       0x3a Drivers/STM32F4xx_HAL_Driver/Src/stm32f4xx_hal_i2s_ex.o
 *fill*         0x08001fa6        0x2 
 .text.HAL_I2SEx_FullDuplex_IRQHandler
                0x08001fa8      0x1d8 Drivers/STM32F4xx_HAL_Driver/Src/stm32f4xx_hal_i2s_ex.o
                0x08001fa8                HAL_I2SEx_FullDuplex_IRQHandler
 .text.HAL_RCC_OscConfig
                0x08002180      0x3f8 Drivers/STM32F4xx_HAL_Driver/Src/stm32f4xx_hal_rcc.o
                0x08002180                HAL_RCC_OscConfig
 .text.HAL_RCC_GetSysClockFreq
                0x08002578       0xd8 Drivers/STM32F4xx_HAL_Driver/Src/stm32f4xx_hal_rcc.o
                0x08002578                HAL_RCC_GetSysClockFreq
 .text.HAL_RCC_ClockConfig
                0x08002650      0x160 Drivers/STM32F4xx_HAL_Driver/Src/stm32f4xx_hal_rcc.o
                0x08002650                HAL_RCC_ClockConfig
 .text.HAL_RCC_GetHCLKFreq
                0x080027b0        0xc Drivers/STM32F4xx_HAL_Driver/Src/stm32f4xx_hal_rcc.o
                0x080027b0                HAL_RCC_GetHCLKFreq
 .text.HAL_RCC_GetPCLK1Freq
                0x080027bc       0x20 Drivers/STM32F4xx_HAL_Driver/Src/stm32f4xx_hal_rcc.o
                0x080027bc                HAL_RCC_GetPCLK1Freq
 .text.HAL_RCCEx_PeriphCLKConfig
                0x080027dc      0x154 Drivers/STM32F4xx_HAL_Driver/Src/stm32f4xx_hal_rcc_ex.o
                0x080027dc                HAL_RCCEx_PeriphCLKConfig
 .text.HAL_RCCEx_GetPeriphCLKFreq
                0x08002930       0x74 Drivers/STM32F4xx_HAL_Driver/Src/stm32f4xx_hal_rcc_ex.o
                0x08002930                HAL_RCCEx_GetPeriphCLKFreq
 .text.HAL_SPI_Init
                0x080029a4       0xbe Drivers/STM32F4xx_HAL_Driver/Src/stm32f4xx_hal_spi.o
                0x080029a4                HAL_SPI_Init
 *fill*         0x08002a62        0x2 
 .text.USB_CoreReset
                0x08002a64       0x4c Drivers/STM32F4xx_HAL_Driver/Src/stm32f4xx_ll_usb.o
 .text.USB_CoreInit
                0x08002ab0       0x8a Drivers/STM32F4xx_HAL_Driver/Src/stm32f4xx_ll_usb.o
                0x08002ab0                USB_CoreInit
 .text.USB_EnableGlobalInt
                0x08002b3a        0xc Drivers/STM32F4xx_HAL_Driver/Src/stm32f4xx_ll_usb.o
                0x08002b3a                USB_EnableGlobalInt
 .text.USB_DisableGlobalInt
                0x08002b46        0xc Drivers/STM32F4xx_HAL_Driver/Src/stm32f4xx_ll_usb.o
                0x08002b46                USB_DisableGlobalInt
 *fill*         0x08002b52        0x2 
 .text.USB_FlushTxFifo
                0x08002b54       0x30 Drivers/STM32F4xx_HAL_Driver/Src/stm32f4xx_ll_usb.o
                0x08002b54                USB_FlushTxFifo
 .text.USB_FlushRxFifo
                0x08002b84       0x2c Drivers/STM32F4xx_HAL_Driver/Src/stm32f4xx_ll_usb.o
                0x08002b84                USB_FlushRxFifo
 .text.USB_WritePacket
                0x08002bb0       0x28 Drivers/STM32F4xx_HAL_Driver/Src/stm32f4xx_ll_usb.o
                0x08002bb0                USB_WritePacket
 .text.USB_ReadPacket
                0x08002bd8       0x4e Drivers/STM32F4xx_HAL_Driver/Src/stm32f4xx_ll_usb.o
                0x08002bd8                USB_ReadPacket
 .text.USB_ReadInterrupts
                0x08002c26        0x8 Drivers/STM32F4xx_HAL_Driver/Src/stm32f4xx_ll_usb.o
                0x08002c26                USB_ReadInterrupts
 .text.USB_GetMode
                0x08002c2e        0x8 Drivers/STM32F4xx_HAL_Driver/Src/stm32f4xx_ll_usb.o
                0x08002c2e                USB_GetMode
 .text.USB_SetCurrentMode
                0x08002c36       0x62 Drivers/STM32F4xx_HAL_Driver/Src/stm32f4xx_ll_usb.o
                0x08002c36                USB_SetCurrentMode
 .text.USB_HostInit
                0x08002c98       0xf0 Drivers/STM32F4xx_HAL_Driver/Src/stm32f4xx_ll_usb.o
                0x08002c98                USB_HostInit
 .text.USB_InitFSLSPClkSel
                0x08002d88       0x40 Drivers/STM32F4xx_HAL_Driver/Src/stm32f4xx_ll_usb.o
                0x08002d88                USB_InitFSLSPClkSel
 .text.USB_ResetPort
                0x08002dc8       0x3e Drivers/STM32F4xx_HAL_Driver/Src/stm32f4xx_ll_usb.o
                0x08002dc8                USB_ResetPort
 .text.USB_DriveVbus
                0x08002e06       0x46 Drivers/STM32F4xx_HAL_Driver/Src/stm32f4xx_ll_usb.o
                0x08002e06                USB_DriveVbus
 .text.USB_GetHostSpeed
                0x08002e4c       0x16 Drivers/STM32F4xx_HAL_Driver/Src/stm32f4xx_ll_usb.o
                0x08002e4c                USB_GetHostSpeed
 .text.USB_GetCurrentFrame
                0x08002e62        0xa Drivers/STM32F4xx_HAL_Driver/Src/stm32f4xx_ll_usb.o
                0x08002e62                USB_GetCurrentFrame
 .text.USB_HC_Init
                0x08002e6c      0x11e Drivers/STM32F4xx_HAL_Driver/Src/stm32f4xx_ll_usb.o
                0x08002e6c                USB_HC_Init
 .text.USB_HC_ReadInterrupt
                0x08002f8a        0xa Drivers/STM32F4xx_HAL_Driver/Src/stm32f4xx_ll_usb.o
                0x08002f8a                USB_HC_ReadInterrupt
 .text.USB_HC_Halt
                0x08002f94       0xe8 Drivers/STM32F4xx_HAL_Driver/Src/stm32f4xx_ll_usb.o
                0x08002f94                USB_HC_Halt
 .text.USB_DoPing
                0x0800307c       0x24 Drivers/STM32F4xx_HAL_Driver/Src/stm32f4xx_ll_usb.o
                0x0800307c                USB_DoPing
 .text.USB_HC_StartXfer
                0x080030a0      0x15c Drivers/STM32F4xx_HAL_Driver/Src/stm32f4xx_ll_usb.o
                0x080030a0                USB_HC_StartXfer
 .text.USB_StopHost
                0x080031fc       0x7e Drivers/STM32F4xx_HAL_Driver/Src/stm32f4xx_ll_usb.o
                0x080031fc                USB_StopHost
 .text.USBH_CDC_SOFProcess
                0x0800327a        0x4 Middlewares/ST/STM32_USB_Host_Library/Class/CDC/Src/usbh_cdc.o
 .text.SetLineCoding
                0x0800327e       0x1a Middlewares/ST/STM32_USB_Host_Library/Class/CDC/Src/usbh_cdc.o
 .text.GetLineCoding
                0x08003298       0x1a Middlewares/ST/STM32_USB_Host_Library/Class/CDC/Src/usbh_cdc.o
 .text.USBH_CDC_ClassRequest
                0x080032b2       0x22 Middlewares/ST/STM32_USB_Host_Library/Class/CDC/Src/usbh_cdc.o
 .text.USBH_CDC_InterfaceDeInit
                0x080032d4       0x68 Middlewares/ST/STM32_USB_Host_Library/Class/CDC/Src/usbh_cdc.o
 .text.USBH_CDC_InterfaceInit
                0x0800333c      0x17e Middlewares/ST/STM32_USB_Host_Library/Class/CDC/Src/usbh_cdc.o
 .text.USBH_CDC_TransmitCallback
                0x080034ba        0x2 Middlewares/ST/STM32_USB_Host_Library/Class/CDC/Src/usbh_cdc.o
                0x080034ba                USBH_CDC_TransmitCallback
 .text.CDC_ProcessTransmission
                0x080034bc       0x94 Middlewares/ST/STM32_USB_Host_Library/Class/CDC/Src/usbh_cdc.o
 .text.USBH_CDC_ReceiveCallback
                0x08003550        0x2 Middlewares/ST/STM32_USB_Host_Library/Class/CDC/Src/usbh_cdc.o
                0x08003550                USBH_CDC_ReceiveCallback
 .text.CDC_ProcessReception
                0x08003552       0x68 Middlewares/ST/STM32_USB_Host_Library/Class/CDC/Src/usbh_cdc.o
 .text.USBH_CDC_LineCodingChanged
                0x080035ba        0x2 Middlewares/ST/STM32_USB_Host_Library/Class/CDC/Src/usbh_cdc.o
                0x080035ba                USBH_CDC_LineCodingChanged
 .text.USBH_CDC_Process
                0x080035bc       0xb8 Middlewares/ST/STM32_USB_Host_Library/Class/CDC/Src/usbh_cdc.o
 .text.DeInitStateMachine
                0x08003674       0x54 Middlewares/ST/STM32_USB_Host_Library/Core/Src/usbh_core.o
 .text.USBH_HandleSof
                0x080036c8       0x1a Middlewares/ST/STM32_USB_Host_Library/Core/Src/usbh_core.o
 .text.USBH_HandleEnum
                0x080036e2      0x276 Middlewares/ST/STM32_USB_Host_Library/Core/Src/usbh_core.o
 .text.USBH_Init
                0x08003958       0x3e Middlewares/ST/STM32_USB_Host_Library/Core/Src/usbh_core.o
                0x08003958                USBH_Init
 .text.USBH_RegisterClass
                0x08003996       0x22 Middlewares/ST/STM32_USB_Host_Library/Core/Src/usbh_core.o
                0x08003996                USBH_RegisterClass
 .text.USBH_SelectInterface
                0x080039b8       0x14 Middlewares/ST/STM32_USB_Host_Library/Core/Src/usbh_core.o
                0x080039b8                USBH_SelectInterface
 .text.USBH_FindInterface
                0x080039cc       0x50 Middlewares/ST/STM32_USB_Host_Library/Core/Src/usbh_core.o
                0x080039cc                USBH_FindInterface
 .text.USBH_Start
                0x08003a1c       0x14 Middlewares/ST/STM32_USB_Host_Library/Core/Src/usbh_core.o
                0x08003a1c                USBH_Start
 .text.USBH_Process
                0x08003a30      0x27e Middlewares/ST/STM32_USB_Host_Library/Core/Src/usbh_core.o
                0x08003a30                USBH_Process
 .text.USBH_LL_SetTimer
                0x08003cae        0x6 Middlewares/ST/STM32_USB_Host_Library/Core/Src/usbh_core.o
                0x08003cae                USBH_LL_SetTimer
 .text.USBH_LL_IncTimer
                0x08003cb4       0x12 Middlewares/ST/STM32_USB_Host_Library/Core/Src/usbh_core.o
                0x08003cb4                USBH_LL_IncTimer
 .text.USBH_LL_PortEnabled
                0x08003cc6        0x8 Middlewares/ST/STM32_USB_Host_Library/Core/Src/usbh_core.o
                0x08003cc6                USBH_LL_PortEnabled
 .text.USBH_LL_PortDisabled
                0x08003cce        0x8 Middlewares/ST/STM32_USB_Host_Library/Core/Src/usbh_core.o
                0x08003cce                USBH_LL_PortDisabled
 .text.USBH_LL_Connect
                0x08003cd6       0x14 Middlewares/ST/STM32_USB_Host_Library/Core/Src/usbh_core.o
                0x08003cd6                USBH_LL_Connect
 .text.USBH_LL_Disconnect
                0x08003cea       0x2c Middlewares/ST/STM32_USB_Host_Library/Core/Src/usbh_core.o
                0x08003cea                USBH_LL_Disconnect
 .text.USBH_ParseDevDesc
                0x08003d16       0x5c Middlewares/ST/STM32_USB_Host_Library/Core/Src/usbh_ctlreq.o
 .text.USBH_ParseInterfaceDesc
                0x08003d72       0x26 Middlewares/ST/STM32_USB_Host_Library/Core/Src/usbh_ctlreq.o
 .text.USBH_ParseEPDesc
                0x08003d98       0x20 Middlewares/ST/STM32_USB_Host_Library/Core/Src/usbh_ctlreq.o
 .text.USBH_ParseStringDesc
                0x08003db8       0x3c Middlewares/ST/STM32_USB_Host_Library/Core/Src/usbh_ctlreq.o
 .text.USBH_HandleControl
                0x08003df4      0x1de Middlewares/ST/STM32_USB_Host_Library/Core/Src/usbh_ctlreq.o
 .text.USBH_GetNextDesc
                0x08003fd2        0xe Middlewares/ST/STM32_USB_Host_Library/Core/Src/usbh_ctlreq.o
                0x08003fd2                USBH_GetNextDesc
 .text.USBH_ParseCfgDesc
                0x08003fe0       0xc2 Middlewares/ST/STM32_USB_Host_Library/Core/Src/usbh_ctlreq.o
 .text.USBH_CtlReq
                0x080040a2       0x44 Middlewares/ST/STM32_USB_Host_Library/Core/Src/usbh_ctlreq.o
                0x080040a2                USBH_CtlReq
 .text.USBH_GetDescriptor
                0x080040e6       0x3c Middlewares/ST/STM32_USB_Host_Library/Core/Src/usbh_ctlreq.o
                0x080040e6                USBH_GetDescriptor
 .text.USBH_Get_DevDesc
                0x08004122       0x32 Middlewares/ST/STM32_USB_Host_Library/Core/Src/usbh_ctlreq.o
                0x08004122                USBH_Get_DevDesc
 .text.USBH_Get_CfgDesc
                0x08004154       0x32 Middlewares/ST/STM32_USB_Host_Library/Core/Src/usbh_ctlreq.o
                0x08004154                USBH_Get_CfgDesc
 .text.USBH_Get_StringDesc
                0x08004186       0x30 Middlewares/ST/STM32_USB_Host_Library/Core/Src/usbh_ctlreq.o
                0x08004186                USBH_Get_StringDesc
 .text.USBH_SetAddress
                0x080041b6       0x22 Middlewares/ST/STM32_USB_Host_Library/Core/Src/usbh_ctlreq.o
                0x080041b6                USBH_SetAddress
 .text.USBH_SetCfg
                0x080041d8       0x22 Middlewares/ST/STM32_USB_Host_Library/Core/Src/usbh_ctlreq.o
                0x080041d8                USBH_SetCfg
 .text.USBH_SetFeature
                0x080041fa       0x22 Middlewares/ST/STM32_USB_Host_Library/Core/Src/usbh_ctlreq.o
                0x080041fa                USBH_SetFeature
 .text.USBH_ClrFeature
                0x0800421c       0x24 Middlewares/ST/STM32_USB_Host_Library/Core/Src/usbh_ctlreq.o
                0x0800421c                USBH_ClrFeature
 .text.USBH_CtlSendSetup
                0x08004240       0x22 Middlewares/ST/STM32_USB_Host_Library/Core/Src/usbh_ioreq.o
                0x08004240                USBH_CtlSendSetup
 .text.USBH_CtlSendData
                0x08004262       0x2c Middlewares/ST/STM32_USB_Host_Library/Core/Src/usbh_ioreq.o
                0x08004262                USBH_CtlSendData
 .text.USBH_CtlReceiveData
                0x0800428e       0x20 Middlewares/ST/STM32_USB_Host_Library/Core/Src/usbh_ioreq.o
                0x0800428e                USBH_CtlReceiveData
 .text.USBH_BulkSendData
                0x080042ae       0x2c Middlewares/ST/STM32_USB_Host_Library/Core/Src/usbh_ioreq.o
                0x080042ae                USBH_BulkSendData
 .text.USBH_BulkReceiveData
                0x080042da       0x20 Middlewares/ST/STM32_USB_Host_Library/Core/Src/usbh_ioreq.o
                0x080042da                USBH_BulkReceiveData
 .text.USBH_GetFreePipe
                0x080042fa       0x26 Middlewares/ST/STM32_USB_Host_Library/Core/Src/usbh_pipes.o
 .text.USBH_OpenPipe
                0x08004320       0x20 Middlewares/ST/STM32_USB_Host_Library/Core/Src/usbh_pipes.o
                0x08004320                USBH_OpenPipe
 .text.USBH_ClosePipe
                0x08004340        0xa Middlewares/ST/STM32_USB_Host_Library/Core/Src/usbh_pipes.o
                0x08004340                USBH_ClosePipe
 .text.USBH_AllocPipe
                0x0800434a       0x26 Middlewares/ST/STM32_USB_Host_Library/Core/Src/usbh_pipes.o
                0x0800434a                USBH_AllocPipe
 .text.USBH_FreePipe
                0x08004370       0x16 Middlewares/ST/STM32_USB_Host_Library/Core/Src/usbh_pipes.o
                0x08004370                USBH_FreePipe
 *fill*         0x08004386        0x2 
 .text.USBH_UserProcess
                0x08004388       0x2c USB_HOST/App/usb_host.o
 .text.MX_USB_HOST_Init
                0x080043b4       0x40 USB_HOST/App/usb_host.o
                0x080043b4                MX_USB_HOST_Init
 .text.MX_USB_HOST_Process
                0x080043f4       0x10 USB_HOST/App/usb_host.o
                0x080043f4                MX_USB_HOST_Process
 .text.HAL_HCD_MspInit
                0x08004404       0x98 USB_HOST/Target/usbh_conf.o
                0x08004404                HAL_HCD_MspInit
 .text.HAL_HCD_SOF_Callback
                0x0800449c        0xc USB_HOST/Target/usbh_conf.o
                0x0800449c                HAL_HCD_SOF_Callback
 .text.HAL_HCD_Connect_Callback
                0x080044a8        0xc USB_HOST/Target/usbh_conf.o
                0x080044a8                HAL_HCD_Connect_Callback
 .text.HAL_HCD_Disconnect_Callback
                0x080044b4        0xc USB_HOST/Target/usbh_conf.o
                0x080044b4                HAL_HCD_Disconnect_Callback
 .text.HAL_HCD_HC_NotifyURBChange_Callback
                0x080044c0        0x2 USB_HOST/Target/usbh_conf.o
                0x080044c0                HAL_HCD_HC_NotifyURBChange_Callback
 .text.HAL_HCD_PortEnabled_Callback
                0x080044c2        0xc USB_HOST/Target/usbh_conf.o
                0x080044c2                HAL_HCD_PortEnabled_Callback
 .text.HAL_HCD_PortDisabled_Callback
                0x080044ce        0xc USB_HOST/Target/usbh_conf.o
                0x080044ce                HAL_HCD_PortDisabled_Callback
 *fill*         0x080044da        0x2 
 .text.USBH_LL_Init
                0x080044dc       0x54 USB_HOST/Target/usbh_conf.o
                0x080044dc                USBH_LL_Init
 .text.USBH_LL_GetSpeed
                0x08004530       0x1c USB_HOST/Target/usbh_conf.o
                0x08004530                USBH_LL_GetSpeed
 .text.USBH_LL_GetLastXferSize
                0x0800454c        0xc USB_HOST/Target/usbh_conf.o
                0x0800454c                USBH_LL_GetLastXferSize
 .text.USBH_LL_GetURBState
                0x08004558        0xc USB_HOST/Target/usbh_conf.o
                0x08004558                USBH_LL_GetURBState
 .text.USBH_LL_DriverVBUS
                0x08004564       0x1c USB_HOST/Target/usbh_conf.o
                0x08004564                USBH_LL_DriverVBUS
 .text.USBH_LL_SetToggle
                0x08004580       0x2a USB_HOST/Target/usbh_conf.o
                0x08004580                USBH_LL_SetToggle
 .text.USBH_Delay
                0x080045aa        0x8 USB_HOST/Target/usbh_conf.o
                0x080045aa                USBH_Delay
 .text.USBH_Get_USB_Status
                0x080045b2       0x12 USB_HOST/Target/usbh_conf.o
                0x080045b2                USBH_Get_USB_Status
 .text.USBH_LL_Start
                0x080045c4       0x10 USB_HOST/Target/usbh_conf.o
                0x080045c4                USBH_LL_Start
 .text.USBH_LL_Stop
                0x080045d4       0x10 USB_HOST/Target/usbh_conf.o
                0x080045d4                USBH_LL_Stop
 .text.USBH_LL_ResetPort
                0x080045e4       0x10 USB_HOST/Target/usbh_conf.o
                0x080045e4                USBH_LL_ResetPort
 .text.USBH_LL_OpenPipe
                0x080045f4       0x26 USB_HOST/Target/usbh_conf.o
                0x080045f4                USBH_LL_OpenPipe
 .text.USBH_LL_ClosePipe
                0x0800461a       0x10 USB_HOST/Target/usbh_conf.o
                0x0800461a                USBH_LL_ClosePipe
 .text.USBH_LL_SubmitURB
                0x0800462a       0x2a USB_HOST/Target/usbh_conf.o
                0x0800462a                USBH_LL_SubmitURB
 .text.MX_DriverVbusFS
                0x08004654       0x18 USB_HOST/Target/usbh_platform.o
                0x08004654                MX_DriverVbusFS
 .text.Reset_Handler
                0x0800466c       0x50 startup/startup_stm32f407xx.o
                0x0800466c                Reset_Handler
 .text.Default_Handler
                0x080046bc        0x2 startup/startup_stm32f407xx.o
                0x080046bc                RTC_Alarm_IRQHandler
                0x080046bc                HASH_RNG_IRQHandler
                0x080046bc                EXTI2_IRQHandler
                0x080046bc                TIM8_CC_IRQHandler
                0x080046bc                TIM1_CC_IRQHandler
                0x080046bc                DMA2_Stream5_IRQHandler
                0x080046bc                DMA1_Stream5_IRQHandler
                0x080046bc                PVD_IRQHandler
                0x080046bc                SDIO_IRQHandler
                0x080046bc                TAMP_STAMP_IRQHandler
                0x080046bc                CAN2_RX1_IRQHandler
                0x080046bc                EXTI3_IRQHandler
                0x080046bc                TIM8_TRG_COM_TIM14_IRQHandler
                0x080046bc                TIM1_UP_TIM10_IRQHandler
                0x080046bc                TIM8_UP_TIM13_IRQHandler
                0x080046bc                I2C3_ER_IRQHandler
                0x080046bc                EXTI0_IRQHandler
                0x080046bc                I2C2_EV_IRQHandler
                0x080046bc                DMA1_Stream2_IRQHandler
                0x080046bc                CAN1_RX0_IRQHandler
                0x080046bc                FPU_IRQHandler
                0x080046bc                OTG_HS_WKUP_IRQHandler
                0x080046bc                CAN2_SCE_IRQHandler
                0x080046bc                DMA2_Stream2_IRQHandler
                0x080046bc                SPI1_IRQHandler
                0x080046bc                TIM6_DAC_IRQHandler
                0x080046bc                TIM1_BRK_TIM9_IRQHandler
                0x080046bc                DCMI_IRQHandler
                0x080046bc                CAN2_RX0_IRQHandler
                0x080046bc                DMA2_Stream3_IRQHandler
                0x080046bc                USART6_IRQHandler
                0x080046bc                USART3_IRQHandler
                0x080046bc                CAN1_RX1_IRQHandler
                0x080046bc                UART5_IRQHandler
                0x080046bc                DMA2_Stream0_IRQHandler
                0x080046bc                TIM4_IRQHandler
                0x080046bc                I2C1_EV_IRQHandler
                0x080046bc                DMA1_Stream6_IRQHandler
                0x080046bc                DMA1_Stream1_IRQHandler
                0x080046bc                UART4_IRQHandler
                0x080046bc                TIM3_IRQHandler
                0x080046bc                RCC_IRQHandler
                0x080046bc                TIM8_BRK_TIM12_IRQHandler
                0x080046bc                Default_Handler
                0x080046bc                EXTI15_10_IRQHandler
                0x080046bc                ADC_IRQHandler
                0x080046bc                DMA1_Stream7_IRQHandler
                0x080046bc                TIM7_IRQHandler
                0x080046bc                CAN2_TX_IRQHandler
                0x080046bc                TIM5_IRQHandler
                0x080046bc                DMA2_Stream7_IRQHandler
                0x080046bc                I2C3_EV_IRQHandler
                0x080046bc                EXTI9_5_IRQHandler
                0x080046bc                RTC_WKUP_IRQHandler
                0x080046bc                ETH_WKUP_IRQHandler
                0x080046bc                SPI2_IRQHandler
                0x080046bc                OTG_HS_EP1_IN_IRQHandler
                0x080046bc                DMA1_Stream0_IRQHandler
                0x080046bc                CAN1_TX_IRQHandler
                0x080046bc                EXTI4_IRQHandler
                0x080046bc                FSMC_IRQHandler
                0x080046bc                ETH_IRQHandler
                0x080046bc                OTG_HS_EP1_OUT_IRQHandler
                0x080046bc                WWDG_IRQHandler
                0x080046bc                TIM2_IRQHandler
                0x080046bc                OTG_FS_WKUP_IRQHandler
                0x080046bc                TIM1_TRG_COM_TIM11_IRQHandler
                0x080046bc                OTG_HS_IRQHandler
                0x080046bc                EXTI1_IRQHandler
                0x080046bc                USART2_IRQHandler
                0x080046bc                I2C2_ER_IRQHandler
                0x080046bc                DMA2_Stream1_IRQHandler
                0x080046bc                CAN1_SCE_IRQHandler
                0x080046bc                FLASH_IRQHandler
                0x080046bc                DMA2_Stream4_IRQHandler
                0x080046bc                USART1_IRQHandler
                0x080046bc                SPI3_IRQHandler
                0x080046bc                DMA1_Stream4_IRQHandler
                0x080046bc                I2C1_ER_IRQHandler
                0x080046bc                DMA2_Stream6_IRQHandler
                0x080046bc                DMA1_Stream3_IRQHandler
 *fill*         0x080046be        0x2 
 .text.__errno  0x080046c0        0xc c:/ac6/systemworkbench/plugins/fr.ac6.mcu.externaltools.arm-none.win32_1.17.0.201812190825/tools/compiler/bin/../lib/gcc/arm-none-eabi/7.3.1/../../../../arm-none-eabi/lib/thumb/v7e-m/fpv4-sp/hard\libc_nano.a(lib_a-errno.o)
                0x080046c0                __errno
 .text.__libc_init_array
                0x080046cc       0x48 c:/ac6/systemworkbench/plugins/fr.ac6.mcu.externaltools.arm-none.win32_1.17.0.201812190825/tools/compiler/bin/../lib/gcc/arm-none-eabi/7.3.1/../../../../arm-none-eabi/lib/thumb/v7e-m/fpv4-sp/hard\libc_nano.a(lib_a-init.o)
                0x080046cc                __libc_init_array
 .text.malloc   0x08004714       0x10 c:/ac6/systemworkbench/plugins/fr.ac6.mcu.externaltools.arm-none.win32_1.17.0.201812190825/tools/compiler/bin/../lib/gcc/arm-none-eabi/7.3.1/../../../../arm-none-eabi/lib/thumb/v7e-m/fpv4-sp/hard\libc_nano.a(lib_a-malloc.o)
                0x08004714                malloc
 .text.free     0x08004724       0x10 c:/ac6/systemworkbench/plugins/fr.ac6.mcu.externaltools.arm-none.win32_1.17.0.201812190825/tools/compiler/bin/../lib/gcc/arm-none-eabi/7.3.1/../../../../arm-none-eabi/lib/thumb/v7e-m/fpv4-sp/hard\libc_nano.a(lib_a-malloc.o)
                0x08004724                free
 .text.memset   0x08004734       0x10 c:/ac6/systemworkbench/plugins/fr.ac6.mcu.externaltools.arm-none.win32_1.17.0.201812190825/tools/compiler/bin/../lib/gcc/arm-none-eabi/7.3.1/../../../../arm-none-eabi/lib/thumb/v7e-m/fpv4-sp/hard\libc_nano.a(lib_a-memset.o)
                0x08004734                memset
 .text._free_r  0x08004744       0x9c c:/ac6/systemworkbench/plugins/fr.ac6.mcu.externaltools.arm-none.win32_1.17.0.201812190825/tools/compiler/bin/../lib/gcc/arm-none-eabi/7.3.1/../../../../arm-none-eabi/lib/thumb/v7e-m/fpv4-sp/hard\libc_nano.a(lib_a-nano-freer.o)
                0x08004744                _free_r
 .text._malloc_r
                0x080047e0       0xb4 c:/ac6/systemworkbench/plugins/fr.ac6.mcu.externaltools.arm-none.win32_1.17.0.201812190825/tools/compiler/bin/../lib/gcc/arm-none-eabi/7.3.1/../../../../arm-none-eabi/lib/thumb/v7e-m/fpv4-sp/hard\libc_nano.a(lib_a-nano-mallocr.o)
                0x080047e0                _malloc_r
 .text._sbrk_r  0x08004894       0x20 c:/ac6/systemworkbench/plugins/fr.ac6.mcu.externaltools.arm-none.win32_1.17.0.201812190825/tools/compiler/bin/../lib/gcc/arm-none-eabi/7.3.1/../../../../arm-none-eabi/lib/thumb/v7e-m/fpv4-sp/hard\libc_nano.a(lib_a-sbrkr.o)
                0x08004894                _sbrk_r
 .text.__malloc_lock
                0x080048b4        0x2 c:/ac6/systemworkbench/plugins/fr.ac6.mcu.externaltools.arm-none.win32_1.17.0.201812190825/tools/compiler/bin/../lib/gcc/arm-none-eabi/7.3.1/../../../../arm-none-eabi/lib/thumb/v7e-m/fpv4-sp/hard\libc_nano.a(lib_a-mlock.o)
                0x080048b4                __malloc_lock
 .text.__malloc_unlock
                0x080048b6        0x2 c:/ac6/systemworkbench/plugins/fr.ac6.mcu.externaltools.arm-none.win32_1.17.0.201812190825/tools/compiler/bin/../lib/gcc/arm-none-eabi/7.3.1/../../../../arm-none-eabi/lib/thumb/v7e-m/fpv4-sp/hard\libc_nano.a(lib_a-mlock.o)
                0x080048b6                __malloc_unlock
 *(.glue_7)
 .glue_7        0x080048b8        0x0 linker stubs
 *(.glue_7t)
 .glue_7t       0x080048b8        0x0 linker stubs
 *(.eh_frame)
 .eh_frame      0x080048b8        0x0 c:/ac6/systemworkbench/plugins/fr.ac6.mcu.externaltools.arm-none.win32_1.17.0.201812190825/tools/compiler/bin/../lib/gcc/arm-none-eabi/7.3.1/thumb/v7e-m/fpv4-sp/hard/crtbegin.o
 *(.init)
 .init          0x080048b8        0x4 c:/ac6/systemworkbench/plugins/fr.ac6.mcu.externaltools.arm-none.win32_1.17.0.201812190825/tools/compiler/bin/../lib/gcc/arm-none-eabi/7.3.1/thumb/v7e-m/fpv4-sp/hard/crti.o
                0x080048b8                _init
 .init          0x080048bc        0x8 c:/ac6/systemworkbench/plugins/fr.ac6.mcu.externaltools.arm-none.win32_1.17.0.201812190825/tools/compiler/bin/../lib/gcc/arm-none-eabi/7.3.1/thumb/v7e-m/fpv4-sp/hard/crtn.o
 *(.fini)
 .fini          0x080048c4        0x4 c:/ac6/systemworkbench/plugins/fr.ac6.mcu.externaltools.arm-none.win32_1.17.0.201812190825/tools/compiler/bin/../lib/gcc/arm-none-eabi/7.3.1/thumb/v7e-m/fpv4-sp/hard/crti.o
                0x080048c4                _fini
 .fini          0x080048c8        0x8 c:/ac6/systemworkbench/plugins/fr.ac6.mcu.externaltools.arm-none.win32_1.17.0.201812190825/tools/compiler/bin/../lib/gcc/arm-none-eabi/7.3.1/thumb/v7e-m/fpv4-sp/hard/crtn.o
                0x080048d0                . = ALIGN (0x4)
                0x080048d0                _etext = .

.vfp11_veneer   0x080048d0        0x0
 .vfp11_veneer  0x080048d0        0x0 linker stubs

.v4_bx          0x080048d0        0x0
 .v4_bx         0x080048d0        0x0 linker stubs

.iplt           0x080048d0        0x0
 .iplt          0x080048d0        0x0 c:/ac6/systemworkbench/plugins/fr.ac6.mcu.externaltools.arm-none.win32_1.17.0.201812190825/tools/compiler/bin/../lib/gcc/arm-none-eabi/7.3.1/thumb/v7e-m/fpv4-sp/hard/crtbegin.o

.rodata         0x080048d0       0x1c
                0x080048d0                . = ALIGN (0x4)
 *(.rodata)
 .rodata        0x080048d0       0x18 Core/Src/system_stm32f4xx.o
                0x080048d0                AHBPrescTable
                0x080048e0                APBPrescTable
 *(.rodata*)
 .rodata.str1.4
                0x080048e8        0x4 Middlewares/ST/STM32_USB_Host_Library/Class/CDC/Src/usbh_cdc.o
                0x080048ec                . = ALIGN (0x4)

.ARM.extab
 *(.ARM.extab* .gnu.linkonce.armextab.*)

.ARM            0x080048ec        0x8
                0x080048ec                __exidx_start = .
 *(.ARM.exidx*)
 .ARM.exidx     0x080048ec        0x8 c:/ac6/systemworkbench/plugins/fr.ac6.mcu.externaltools.arm-none.win32_1.17.0.201812190825/tools/compiler/bin/../lib/gcc/arm-none-eabi/7.3.1/thumb/v7e-m/fpv4-sp/hard\libgcc.a(_udivmoddi4.o)
                0x080048f4                __exidx_end = .

.rel.dyn        0x080048f4        0x0
 .rel.iplt      0x080048f4        0x0 c:/ac6/systemworkbench/plugins/fr.ac6.mcu.externaltools.arm-none.win32_1.17.0.201812190825/tools/compiler/bin/../lib/gcc/arm-none-eabi/7.3.1/thumb/v7e-m/fpv4-sp/hard/crtbegin.o

.preinit_array  0x080048f4        0x0
                0x080048f4                PROVIDE (__preinit_array_start = .)
 *(.preinit_array*)
                0x080048f4                PROVIDE (__preinit_array_end = .)

.init_array     0x080048f4        0x4
                0x080048f4                PROVIDE (__init_array_start = .)
 *(SORT_BY_NAME(.init_array.*))
 *(.init_array*)
 .init_array    0x080048f4        0x4 c:/ac6/systemworkbench/plugins/fr.ac6.mcu.externaltools.arm-none.win32_1.17.0.201812190825/tools/compiler/bin/../lib/gcc/arm-none-eabi/7.3.1/thumb/v7e-m/fpv4-sp/hard/crtbegin.o
                0x080048f8                PROVIDE (__init_array_end = .)

.fini_array     0x080048f8        0x4
                [!provide]                PROVIDE (__fini_array_start = .)
 *(SORT_BY_NAME(.fini_array.*))
 *(.fini_array*)
 .fini_array    0x080048f8        0x4 c:/ac6/systemworkbench/plugins/fr.ac6.mcu.externaltools.arm-none.win32_1.17.0.201812190825/tools/compiler/bin/../lib/gcc/arm-none-eabi/7.3.1/thumb/v7e-m/fpv4-sp/hard/crtbegin.o
                [!provide]                PROVIDE (__fini_array_end = .)
                0x080048fc                _sidata = LOADADDR (.data)

.data           0x20000000       0x90 load address 0x080048fc
                0x20000000                . = ALIGN (0x4)
                0x20000000                _sdata = .
 *(.data)
 .data          0x20000000        0x4 Core/Src/system_stm32f4xx.o
                0x20000000                SystemCoreClock
 .data          0x20000004        0x8 Drivers/STM32F4xx_HAL_Driver/Src/stm32f4xx_hal.o
                0x20000004                uwTickFreq
                0x20000008                uwTickPrio
 .data          0x2000000c       0x20 Middlewares/ST/STM32_USB_Host_Library/Class/CDC/Src/usbh_cdc.o
                0x2000000c                CDC_Class
 *(.data*)
 .data._impure_ptr
                0x2000002c        0x4 c:/ac6/systemworkbench/plugins/fr.ac6.mcu.externaltools.arm-none.win32_1.17.0.201812190825/tools/compiler/bin/../lib/gcc/arm-none-eabi/7.3.1/../../../../arm-none-eabi/lib/thumb/v7e-m/fpv4-sp/hard\libc_nano.a(lib_a-impure.o)
                0x2000002c                _impure_ptr
 .data.impure_data
                0x20000030       0x60 c:/ac6/systemworkbench/plugins/fr.ac6.mcu.externaltools.arm-none.win32_1.17.0.201812190825/tools/compiler/bin/../lib/gcc/arm-none-eabi/7.3.1/../../../../arm-none-eabi/lib/thumb/v7e-m/fpv4-sp/hard\libc_nano.a(lib_a-impure.o)
                0x20000090                . = ALIGN (0x4)
                0x20000090                _edata = .
                0x0800498c                _siccmram = LOADADDR (.ccmram)

.igot.plt       0x20000090        0x0 load address 0x0800498c
 .igot.plt      0x20000090        0x0 c:/ac6/systemworkbench/plugins/fr.ac6.mcu.externaltools.arm-none.win32_1.17.0.201812190825/tools/compiler/bin/../lib/gcc/arm-none-eabi/7.3.1/thumb/v7e-m/fpv4-sp/hard/crtbegin.o

.ccmram         0x10000000        0x0 load address 0x0800498c
                0x10000000                . = ALIGN (0x4)
                0x10000000                _sccmram = .
 *(.ccmram)
 *(.ccmram*)
                0x10000000                . = ALIGN (0x4)
                0x10000000                _eccmram = .
                0x10000000                . = ALIGN (0x4)

.bss            0x20000090      0x808
                0x20000090                _sbss = .
                0x20000090                __bss_start__ = _sbss
 *(.bss)
 .bss           0x20000090       0x1c c:/ac6/systemworkbench/plugins/fr.ac6.mcu.externaltools.arm-none.win32_1.17.0.201812190825/tools/compiler/bin/../lib/gcc/arm-none-eabi/7.3.1/thumb/v7e-m/fpv4-sp/hard/crtbegin.o
 .bss           0x200000ac        0x8 Core/Src/syscalls.o
                0x200000b0                __env
 .bss           0x200000b4        0x1 USB_HOST/App/usb_host.o
                0x200000b4                Appli_state
 *(.bss*)
 *fill*         0x200000b5        0x3 
 .bss.__malloc_free_list
                0x200000b8        0x4 c:/ac6/systemworkbench/plugins/fr.ac6.mcu.externaltools.arm-none.win32_1.17.0.201812190825/tools/compiler/bin/../lib/gcc/arm-none-eabi/7.3.1/../../../../arm-none-eabi/lib/thumb/v7e-m/fpv4-sp/hard\libc_nano.a(lib_a-nano-mallocr.o)
                0x200000b8                __malloc_free_list
 .bss.__malloc_sbrk_start
                0x200000bc        0x4 c:/ac6/systemworkbench/plugins/fr.ac6.mcu.externaltools.arm-none.win32_1.17.0.201812190825/tools/compiler/bin/../lib/gcc/arm-none-eabi/7.3.1/../../../../arm-none-eabi/lib/thumb/v7e-m/fpv4-sp/hard\libc_nano.a(lib_a-nano-mallocr.o)
                0x200000bc                __malloc_sbrk_start
 *(COMMON)
 COMMON         0x200000c0       0xf4 Core/Src/main.o
                0x200000c0                hi2c1
                0x20000114                hspi1
                0x2000016c                hi2s3
 COMMON         0x200001b4        0x4 Drivers/STM32F4xx_HAL_Driver/Src/stm32f4xx_hal.o
                0x200001b4                uwTick
 COMMON         0x200001b8      0x3d8 USB_HOST/App/usb_host.o
                0x200001b8                hUsbHostFS
 COMMON         0x20000590      0x304 USB_HOST/Target/usbh_conf.o
                0x20000590                hhcd_USB_OTG_FS
 COMMON         0x20000894        0x4 c:/ac6/systemworkbench/plugins/fr.ac6.mcu.externaltools.arm-none.win32_1.17.0.201812190825/tools/compiler/bin/../lib/gcc/arm-none-eabi/7.3.1/../../../../arm-none-eabi/lib/thumb/v7e-m/fpv4-sp/hard\libc_nano.a(lib_a-reent.o)
                0x20000894                errno
                0x20000898                . = ALIGN (0x4)
                0x20000898                _ebss = .
                0x20000898                __bss_end__ = _ebss

._user_heap_stack
                0x20000898      0x600
                0x20000898                . = ALIGN (0x8)
                0x20000898                PROVIDE (end = .)
                [!provide]                PROVIDE (_end = .)
                0x20000a98                . = (. + _Min_Heap_Size)
 *fill*         0x20000898      0x200 
                0x20000e98                . = (. + _Min_Stack_Size)
 *fill*         0x20000a98      0x400 
                0x20000e98                . = ALIGN (0x8)

/DISCARD/
 libc.a(*)
 libm.a(*)
 libgcc.a(*)

.ARM.attributes
                0x00000000       0x30
 *(.ARM.attributes)
 .ARM.attributes
                0x00000000       0x22 c:/ac6/systemworkbench/plugins/fr.ac6.mcu.externaltools.arm-none.win32_1.17.0.201812190825/tools/compiler/bin/../lib/gcc/arm-none-eabi/7.3.1/thumb/v7e-m/fpv4-sp/hard/crti.o
 .ARM.attributes
                0x00000022       0x34 c:/ac6/systemworkbench/plugins/fr.ac6.mcu.externaltools.arm-none.win32_1.17.0.201812190825/tools/compiler/bin/../lib/gcc/arm-none-eabi/7.3.1/thumb/v7e-m/fpv4-sp/hard/crtbegin.o
 .ARM.attributes
                0x00000056       0x39 Core/Src/main.o
 .ARM.attributes
                0x0000008f       0x39 Core/Src/stm32f4xx_hal_msp.o
 .ARM.attributes
                0x000000c8       0x39 Core/Src/stm32f4xx_it.o
 .ARM.attributes
                0x00000101       0x39 Core/Src/syscalls.o
 .ARM.attributes
                0x0000013a       0x39 Core/Src/system_stm32f4xx.o
 .ARM.attributes
                0x00000173       0x39 Drivers/STM32F4xx_HAL_Driver/Src/stm32f4xx_hal.o
 .ARM.attributes
                0x000001ac       0x39 Drivers/STM32F4xx_HAL_Driver/Src/stm32f4xx_hal_cortex.o
 .ARM.attributes
                0x000001e5       0x39 Drivers/STM32F4xx_HAL_Driver/Src/stm32f4xx_hal_gpio.o
 .ARM.attributes
                0x0000021e       0x39 Drivers/STM32F4xx_HAL_Driver/Src/stm32f4xx_hal_hcd.o
 .ARM.attributes
                0x00000257       0x39 Drivers/STM32F4xx_HAL_Driver/Src/stm32f4xx_hal_i2c.o
 .ARM.attributes
                0x00000290       0x39 Drivers/STM32F4xx_HAL_Driver/Src/stm32f4xx_hal_i2s.o
 .ARM.attributes
                0x000002c9       0x39 Drivers/STM32F4xx_HAL_Driver/Src/stm32f4xx_hal_i2s_ex.o
 .ARM.attributes
                0x00000302       0x39 Drivers/STM32F4xx_HAL_Driver/Src/stm32f4xx_hal_rcc.o
 .ARM.attributes
                0x0000033b       0x39 Drivers/STM32F4xx_HAL_Driver/Src/stm32f4xx_hal_rcc_ex.o
 .ARM.attributes
                0x00000374       0x39 Drivers/STM32F4xx_HAL_Driver/Src/stm32f4xx_hal_spi.o
 .ARM.attributes
                0x000003ad       0x39 Drivers/STM32F4xx_HAL_Driver/Src/stm32f4xx_ll_usb.o
 .ARM.attributes
                0x000003e6       0x39 Middlewares/ST/STM32_USB_Host_Library/Class/CDC/Src/usbh_cdc.o
 .ARM.attributes
                0x0000041f       0x39 Middlewares/ST/STM32_USB_Host_Library/Core/Src/usbh_core.o
 .ARM.attributes
                0x00000458       0x39 Middlewares/ST/STM32_USB_Host_Library/Core/Src/usbh_ctlreq.o
 .ARM.attributes
                0x00000491       0x39 Middlewares/ST/STM32_USB_Host_Library/Core/Src/usbh_ioreq.o
 .ARM.attributes
                0x000004ca       0x39 Middlewares/ST/STM32_USB_Host_Library/Core/Src/usbh_pipes.o
 .ARM.attributes
                0x00000503       0x39 USB_HOST/App/usb_host.o
 .ARM.attributes
                0x0000053c       0x39 USB_HOST/Target/usbh_conf.o
 .ARM.attributes
                0x00000575       0x39 USB_HOST/Target/usbh_platform.o
 .ARM.attributes
                0x000005ae       0x21 startup/startup_stm32f407xx.o
 .ARM.attributes
                0x000005cf       0x22 c:/ac6/systemworkbench/plugins/fr.ac6.mcu.externaltools.arm-none.win32_1.17.0.201812190825/tools/compiler/bin/../lib/gcc/arm-none-eabi/7.3.1/thumb/v7e-m/fpv4-sp/hard\libgcc.a(_aeabi_uldivmod.o)
 .ARM.attributes
                0x000005f1       0x34 c:/ac6/systemworkbench/plugins/fr.ac6.mcu.externaltools.arm-none.win32_1.17.0.201812190825/tools/compiler/bin/../lib/gcc/arm-none-eabi/7.3.1/thumb/v7e-m/fpv4-sp/hard\libgcc.a(_udivmoddi4.o)
 .ARM.attributes
                0x00000625       0x22 c:/ac6/systemworkbench/plugins/fr.ac6.mcu.externaltools.arm-none.win32_1.17.0.201812190825/tools/compiler/bin/../lib/gcc/arm-none-eabi/7.3.1/thumb/v7e-m/fpv4-sp/hard\libgcc.a(_dvmd_tls.o)
 .ARM.attributes
                0x00000647       0x34 c:/ac6/systemworkbench/plugins/fr.ac6.mcu.externaltools.arm-none.win32_1.17.0.201812190825/tools/compiler/bin/../lib/gcc/arm-none-eabi/7.3.1/../../../../arm-none-eabi/lib/thumb/v7e-m/fpv4-sp/hard\libc_nano.a(lib_a-errno.o)
 .ARM.attributes
                0x0000067b       0x34 c:/ac6/systemworkbench/plugins/fr.ac6.mcu.externaltools.arm-none.win32_1.17.0.201812190825/tools/compiler/bin/../lib/gcc/arm-none-eabi/7.3.1/../../../../arm-none-eabi/lib/thumb/v7e-m/fpv4-sp/hard\libc_nano.a(lib_a-impure.o)
 .ARM.attributes
                0x000006af       0x34 c:/ac6/systemworkbench/plugins/fr.ac6.mcu.externaltools.arm-none.win32_1.17.0.201812190825/tools/compiler/bin/../lib/gcc/arm-none-eabi/7.3.1/../../../../arm-none-eabi/lib/thumb/v7e-m/fpv4-sp/hard\libc_nano.a(lib_a-init.o)
 .ARM.attributes
                0x000006e3       0x34 c:/ac6/systemworkbench/plugins/fr.ac6.mcu.externaltools.arm-none.win32_1.17.0.201812190825/tools/compiler/bin/../lib/gcc/arm-none-eabi/7.3.1/../../../../arm-none-eabi/lib/thumb/v7e-m/fpv4-sp/hard\libc_nano.a(lib_a-malloc.o)
 .ARM.attributes
                0x00000717       0x34 c:/ac6/systemworkbench/plugins/fr.ac6.mcu.externaltools.arm-none.win32_1.17.0.201812190825/tools/compiler/bin/../lib/gcc/arm-none-eabi/7.3.1/../../../../arm-none-eabi/lib/thumb/v7e-m/fpv4-sp/hard\libc_nano.a(lib_a-memset.o)
 .ARM.attributes
                0x0000074b       0x34 c:/ac6/systemworkbench/plugins/fr.ac6.mcu.externaltools.arm-none.win32_1.17.0.201812190825/tools/compiler/bin/../lib/gcc/arm-none-eabi/7.3.1/../../../../arm-none-eabi/lib/thumb/v7e-m/fpv4-sp/hard\libc_nano.a(lib_a-nano-freer.o)
 .ARM.attributes
                0x0000077f       0x34 c:/ac6/systemworkbench/plugins/fr.ac6.mcu.externaltools.arm-none.win32_1.17.0.201812190825/tools/compiler/bin/../lib/gcc/arm-none-eabi/7.3.1/../../../../arm-none-eabi/lib/thumb/v7e-m/fpv4-sp/hard\libc_nano.a(lib_a-nano-mallocr.o)
 .ARM.attributes
                0x000007b3       0x34 c:/ac6/systemworkbench/plugins/fr.ac6.mcu.externaltools.arm-none.win32_1.17.0.201812190825/tools/compiler/bin/../lib/gcc/arm-none-eabi/7.3.1/../../../../arm-none-eabi/lib/thumb/v7e-m/fpv4-sp/hard\libc_nano.a(lib_a-sbrkr.o)
 .ARM.attributes
                0x000007e7       0x34 c:/ac6/systemworkbench/plugins/fr.ac6.mcu.externaltools.arm-none.win32_1.17.0.201812190825/tools/compiler/bin/../lib/gcc/arm-none-eabi/7.3.1/../../../../arm-none-eabi/lib/thumb/v7e-m/fpv4-sp/hard\libc_nano.a(lib_a-mlock.o)
 .ARM.attributes
                0x0000081b       0x34 c:/ac6/systemworkbench/plugins/fr.ac6.mcu.externaltools.arm-none.win32_1.17.0.201812190825/tools/compiler/bin/../lib/gcc/arm-none-eabi/7.3.1/../../../../arm-none-eabi/lib/thumb/v7e-m/fpv4-sp/hard\libc_nano.a(lib_a-reent.o)
 .ARM.attributes
                0x0000084f       0x22 c:/ac6/systemworkbench/plugins/fr.ac6.mcu.externaltools.arm-none.win32_1.17.0.201812190825/tools/compiler/bin/../lib/gcc/arm-none-eabi/7.3.1/thumb/v7e-m/fpv4-sp/hard/crtn.o
OUTPUT(Button.elf elf32-littlearm)

.debug_info     0x00000000    0x1ceb8
 .debug_info    0x00000000     0x13d0 Core/Src/main.o
 .debug_info    0x000013d0     0x1117 Core/Src/stm32f4xx_hal_msp.o
 .debug_info    0x000024e7      0x6f2 Core/Src/stm32f4xx_it.o
 .debug_info    0x00002bd9      0xfd3 Core/Src/syscalls.o
 .debug_info    0x00003bac      0x559 Core/Src/system_stm32f4xx.o
 .debug_info    0x00004105      0x9f1 Drivers/STM32F4xx_HAL_Driver/Src/stm32f4xx_hal.o
 .debug_info    0x00004af6      0xf8c Drivers/STM32F4xx_HAL_Driver/Src/stm32f4xx_hal_cortex.o
 .debug_info    0x00005a82      0x7d0 Drivers/STM32F4xx_HAL_Driver/Src/stm32f4xx_hal_gpio.o
 .debug_info    0x00006252     0x13a5 Drivers/STM32F4xx_HAL_Driver/Src/stm32f4xx_hal_hcd.o
 .debug_info    0x000075f7     0x340c Drivers/STM32F4xx_HAL_Driver/Src/stm32f4xx_hal_i2c.o
 .debug_info    0x0000aa03     0x10d1 Drivers/STM32F4xx_HAL_Driver/Src/stm32f4xx_hal_i2s.o
 .debug_info    0x0000bad4      0xdd2 Drivers/STM32F4xx_HAL_Driver/Src/stm32f4xx_hal_i2s_ex.o
 .debug_info    0x0000c8a6      0xa94 Drivers/STM32F4xx_HAL_Driver/Src/stm32f4xx_hal_rcc.o
 .debug_info    0x0000d33a      0x6b5 Drivers/STM32F4xx_HAL_Driver/Src/stm32f4xx_hal_rcc_ex.o
 .debug_info    0x0000d9ef     0x1c4c Drivers/STM32F4xx_HAL_Driver/Src/stm32f4xx_hal_spi.o
 .debug_info    0x0000f63b     0x1bad Drivers/STM32F4xx_HAL_Driver/Src/stm32f4xx_ll_usb.o
 .debug_info    0x000111e8     0x1f09 Middlewares/ST/STM32_USB_Host_Library/Class/CDC/Src/usbh_cdc.o
 .debug_info    0x000130f1     0x1ca6 Middlewares/ST/STM32_USB_Host_Library/Core/Src/usbh_core.o
 .debug_info    0x00014d97     0x1ae8 Middlewares/ST/STM32_USB_Host_Library/Core/Src/usbh_ctlreq.o
 .debug_info    0x0001687f     0x16fb Middlewares/ST/STM32_USB_Host_Library/Core/Src/usbh_ioreq.o
 .debug_info    0x00017f7a     0x13a3 Middlewares/ST/STM32_USB_Host_Library/Core/Src/usbh_pipes.o
 .debug_info    0x0001931d     0x1345 USB_HOST/App/usb_host.o
 .debug_info    0x0001a662     0x2591 USB_HOST/Target/usbh_conf.o
 .debug_info    0x0001cbf3      0x2a3 USB_HOST/Target/usbh_platform.o
 .debug_info    0x0001ce96       0x22 startup/startup_stm32f407xx.o

.debug_abbrev   0x00000000     0x3a9f
 .debug_abbrev  0x00000000      0x264 Core/Src/main.o
 .debug_abbrev  0x00000264      0x1f4 Core/Src/stm32f4xx_hal_msp.o
 .debug_abbrev  0x00000458      0x182 Core/Src/stm32f4xx_it.o
 .debug_abbrev  0x000005da      0x2d4 Core/Src/syscalls.o
 .debug_abbrev  0x000008ae      0x12b Core/Src/system_stm32f4xx.o
 .debug_abbrev  0x000009d9      0x1ed Drivers/STM32F4xx_HAL_Driver/Src/stm32f4xx_hal.o
 .debug_abbrev  0x00000bc6      0x328 Drivers/STM32F4xx_HAL_Driver/Src/stm32f4xx_hal_cortex.o
 .debug_abbrev  0x00000eee      0x1e7 Drivers/STM32F4xx_HAL_Driver/Src/stm32f4xx_hal_gpio.o
 .debug_abbrev  0x000010d5      0x27f Drivers/STM32F4xx_HAL_Driver/Src/stm32f4xx_hal_hcd.o
 .debug_abbrev  0x00001354      0x275 Drivers/STM32F4xx_HAL_Driver/Src/stm32f4xx_hal_i2c.o
 .debug_abbrev  0x000015c9      0x243 Drivers/STM32F4xx_HAL_Driver/Src/stm32f4xx_hal_i2s.o
 .debug_abbrev  0x0000180c      0x281 Drivers/STM32F4xx_HAL_Driver/Src/stm32f4xx_hal_i2s_ex.o
 .debug_abbrev  0x00001a8d      0x273 Drivers/STM32F4xx_HAL_Driver/Src/stm32f4xx_hal_rcc.o
 .debug_abbrev  0x00001d00      0x179 Drivers/STM32F4xx_HAL_Driver/Src/stm32f4xx_hal_rcc_ex.o
 .debug_abbrev  0x00001e79      0x249 Drivers/STM32F4xx_HAL_Driver/Src/stm32f4xx_hal_spi.o
 .debug_abbrev  0x000020c2      0x2b3 Drivers/STM32F4xx_HAL_Driver/Src/stm32f4xx_ll_usb.o
 .debug_abbrev  0x00002375      0x359 Middlewares/ST/STM32_USB_Host_Library/Class/CDC/Src/usbh_cdc.o
 .debug_abbrev  0x000026ce      0x382 Middlewares/ST/STM32_USB_Host_Library/Core/Src/usbh_core.o
 .debug_abbrev  0x00002a50      0x363 Middlewares/ST/STM32_USB_Host_Library/Core/Src/usbh_ctlreq.o
 .debug_abbrev  0x00002db3      0x292 Middlewares/ST/STM32_USB_Host_Library/Core/Src/usbh_ioreq.o
 .debug_abbrev  0x00003045      0x2cc Middlewares/ST/STM32_USB_Host_Library/Core/Src/usbh_pipes.o
 .debug_abbrev  0x00003311      0x2b5 USB_HOST/App/usb_host.o
 .debug_abbrev  0x000035c6      0x399 USB_HOST/Target/usbh_conf.o
 .debug_abbrev  0x0000395f      0x12e USB_HOST/Target/usbh_platform.o
 .debug_abbrev  0x00003a8d       0x12 startup/startup_stm32f407xx.o

.debug_aranges  0x00000000     0x1128
 .debug_aranges
                0x00000000       0x50 Core/Src/main.o
 .debug_aranges
                0x00000050       0x50 Core/Src/stm32f4xx_hal_msp.o
 .debug_aranges
                0x000000a0       0x68 Core/Src/stm32f4xx_it.o
 .debug_aranges
                0x00000108       0xb0 Core/Src/syscalls.o
 .debug_aranges
                0x000001b8       0x28 Core/Src/system_stm32f4xx.o
 .debug_aranges
                0x000001e0       0xf0 Drivers/STM32F4xx_HAL_Driver/Src/stm32f4xx_hal.o
 .debug_aranges
                0x000002d0       0xa8 Drivers/STM32F4xx_HAL_Driver/Src/stm32f4xx_hal_cortex.o
 .debug_aranges
                0x00000378       0x58 Drivers/STM32F4xx_HAL_Driver/Src/stm32f4xx_hal_gpio.o
 .debug_aranges
                0x000003d0       0xf8 Drivers/STM32F4xx_HAL_Driver/Src/stm32f4xx_hal_hcd.o
 .debug_aranges
                0x000004c8      0x2a0 Drivers/STM32F4xx_HAL_Driver/Src/stm32f4xx_hal_i2c.o
 .debug_aranges
                0x00000768      0x108 Drivers/STM32F4xx_HAL_Driver/Src/stm32f4xx_hal_i2s.o
 .debug_aranges
                0x00000870       0x88 Drivers/STM32F4xx_HAL_Driver/Src/stm32f4xx_hal_i2s_ex.o
 .debug_aranges
                0x000008f8       0x88 Drivers/STM32F4xx_HAL_Driver/Src/stm32f4xx_hal_rcc.o
 .debug_aranges
                0x00000980       0x48 Drivers/STM32F4xx_HAL_Driver/Src/stm32f4xx_hal_rcc_ex.o
 .debug_aranges
                0x000009c8      0x1d0 Drivers/STM32F4xx_HAL_Driver/Src/stm32f4xx_hal_spi.o
 .debug_aranges
                0x00000b98      0x198 Drivers/STM32F4xx_HAL_Driver/Src/stm32f4xx_ll_usb.o
 .debug_aranges
                0x00000d30       0xa8 Middlewares/ST/STM32_USB_Host_Library/Class/CDC/Src/usbh_cdc.o
 .debug_aranges
                0x00000dd8       0xc0 Middlewares/ST/STM32_USB_Host_Library/Core/Src/usbh_core.o
 .debug_aranges
                0x00000e98       0xa0 Middlewares/ST/STM32_USB_Host_Library/Core/Src/usbh_ctlreq.o
 .debug_aranges
                0x00000f38       0x60 Middlewares/ST/STM32_USB_Host_Library/Core/Src/usbh_ioreq.o
 .debug_aranges
                0x00000f98       0x40 Middlewares/ST/STM32_USB_Host_Library/Core/Src/usbh_pipes.o
 .debug_aranges
                0x00000fd8       0x30 USB_HOST/App/usb_host.o
 .debug_aranges
                0x00001008       0xd8 USB_HOST/Target/usbh_conf.o
 .debug_aranges
                0x000010e0       0x20 USB_HOST/Target/usbh_platform.o
 .debug_aranges
                0x00001100       0x28 startup/startup_stm32f407xx.o

.debug_ranges   0x00000000     0x1080
 .debug_ranges  0x00000000       0x40 Core/Src/main.o
 .debug_ranges  0x00000040       0x40 Core/Src/stm32f4xx_hal_msp.o
 .debug_ranges  0x00000080       0x58 Core/Src/stm32f4xx_it.o
 .debug_ranges  0x000000d8       0xa0 Core/Src/syscalls.o
 .debug_ranges  0x00000178       0x18 Core/Src/system_stm32f4xx.o
 .debug_ranges  0x00000190       0xe0 Drivers/STM32F4xx_HAL_Driver/Src/stm32f4xx_hal.o
 .debug_ranges  0x00000270       0xf8 Drivers/STM32F4xx_HAL_Driver/Src/stm32f4xx_hal_cortex.o
 .debug_ranges  0x00000368       0x48 Drivers/STM32F4xx_HAL_Driver/Src/stm32f4xx_hal_gpio.o
 .debug_ranges  0x000003b0       0xe8 Drivers/STM32F4xx_HAL_Driver/Src/stm32f4xx_hal_hcd.o
 .debug_ranges  0x00000498      0x2b0 Drivers/STM32F4xx_HAL_Driver/Src/stm32f4xx_hal_i2c.o
 .debug_ranges  0x00000748      0x128 Drivers/STM32F4xx_HAL_Driver/Src/stm32f4xx_hal_i2s.o
 .debug_ranges  0x00000870       0x90 Drivers/STM32F4xx_HAL_Driver/Src/stm32f4xx_hal_i2s_ex.o
 .debug_ranges  0x00000900       0x90 Drivers/STM32F4xx_HAL_Driver/Src/stm32f4xx_hal_rcc.o
 .debug_ranges  0x00000990       0x38 Drivers/STM32F4xx_HAL_Driver/Src/stm32f4xx_hal_rcc_ex.o
 .debug_ranges  0x000009c8      0x1c0 Drivers/STM32F4xx_HAL_Driver/Src/stm32f4xx_hal_spi.o
 .debug_ranges  0x00000b88      0x188 Drivers/STM32F4xx_HAL_Driver/Src/stm32f4xx_ll_usb.o
 .debug_ranges  0x00000d10       0x98 Middlewares/ST/STM32_USB_Host_Library/Class/CDC/Src/usbh_cdc.o
 .debug_ranges  0x00000da8       0xb0 Middlewares/ST/STM32_USB_Host_Library/Core/Src/usbh_core.o
 .debug_ranges  0x00000e58       0x90 Middlewares/ST/STM32_USB_Host_Library/Core/Src/usbh_ctlreq.o
 .debug_ranges  0x00000ee8       0x50 Middlewares/ST/STM32_USB_Host_Library/Core/Src/usbh_ioreq.o
 .debug_ranges  0x00000f38       0x30 Middlewares/ST/STM32_USB_Host_Library/Core/Src/usbh_pipes.o
 .debug_ranges  0x00000f68       0x20 USB_HOST/App/usb_host.o
 .debug_ranges  0x00000f88       0xc8 USB_HOST/Target/usbh_conf.o
 .debug_ranges  0x00001050       0x10 USB_HOST/Target/usbh_platform.o
 .debug_ranges  0x00001060       0x20 startup/startup_stm32f407xx.o

.debug_macro    0x00000000    0x24a5b
 .debug_macro   0x00000000      0x21f Core/Src/main.o
 .debug_macro   0x0000021f      0xa54 Core/Src/main.o
 .debug_macro   0x00000c73      0x2a7 Core/Src/main.o
 .debug_macro   0x00000f1a       0x2e Core/Src/main.o
 .debug_macro   0x00000f48       0x2f Core/Src/main.o
 .debug_macro   0x00000f77       0x22 Core/Src/main.o
 .debug_macro   0x00000f99       0x8e Core/Src/main.o
 .debug_macro   0x00001027       0x51 Core/Src/main.o
 .debug_macro   0x00001078       0xef Core/Src/main.o
 .debug_macro   0x00001167       0x6a Core/Src/main.o
 .debug_macro   0x000011d1      0x1df Core/Src/main.o
 .debug_macro   0x000013b0       0x1c Core/Src/main.o
 .debug_macro   0x000013cc       0x22 Core/Src/main.o
 .debug_macro   0x000013ee       0xdf Core/Src/main.o
 .debug_macro   0x000014cd     0x102d Core/Src/main.o
 .debug_macro   0x000024fa      0x11f Core/Src/main.o
 .debug_macro   0x00002619    0x15e58 Core/Src/main.o
 .debug_macro   0x00018471       0x6d Core/Src/main.o
 .debug_macro   0x000184de     0x3666 Core/Src/main.o
 .debug_macro   0x0001bb44      0x174 Core/Src/main.o
 .debug_macro   0x0001bcb8       0x5c Core/Src/main.o
 .debug_macro   0x0001bd14      0x96b Core/Src/main.o
 .debug_macro   0x0001c67f      0x9fe Core/Src/main.o
 .debug_macro   0x0001d07d      0x116 Core/Src/main.o
 .debug_macro   0x0001d193      0x13e Core/Src/main.o
 .debug_macro   0x0001d2d1       0xa5 Core/Src/main.o
 .debug_macro   0x0001d376      0x174 Core/Src/main.o
 .debug_macro   0x0001d4ea      0x287 Core/Src/main.o
 .debug_macro   0x0001d771       0x5f Core/Src/main.o
 .debug_macro   0x0001d7d0      0x236 Core/Src/main.o
 .debug_macro   0x0001da06      0x12c Core/Src/main.o
 .debug_macro   0x0001db32      0x21e Core/Src/main.o
 .debug_macro   0x0001dd50       0x2e Core/Src/main.o
 .debug_macro   0x0001dd7e      0x1b5 Core/Src/main.o
 .debug_macro   0x0001df33       0xd6 Core/Src/main.o
 .debug_macro   0x0001e009      0x1a7 Core/Src/main.o
 .debug_macro   0x0001e1b0       0x46 Core/Src/main.o
 .debug_macro   0x0001e1f6       0x4a Core/Src/main.o
 .debug_macro   0x0001e240      0x11a Core/Src/main.o
 .debug_macro   0x0001e35a       0x7e Core/Src/main.o
 .debug_macro   0x0001e3d8       0x89 Core/Src/main.o
 .debug_macro   0x0001e461      0x225 Core/Src/main.o
 .debug_macro   0x0001e686      0x21e Core/Src/main.o
 .debug_macro   0x0001e8a4       0x7c Core/Src/main.o
 .debug_macro   0x0001e920      0x12d Core/Src/main.o
 .debug_macro   0x0001ea4d      0x190 Core/Src/main.o
 .debug_macro   0x0001ebdd      0x215 Core/Src/stm32f4xx_hal_msp.o
 .debug_macro   0x0001edf2      0x21f Core/Src/stm32f4xx_it.o
 .debug_macro   0x0001f011      0x243 Core/Src/syscalls.o
 .debug_macro   0x0001f254       0x58 Core/Src/syscalls.o
 .debug_macro   0x0001f2ac       0x18 Core/Src/syscalls.o
 .debug_macro   0x0001f2c4       0x94 Core/Src/syscalls.o
 .debug_macro   0x0001f358       0x35 Core/Src/syscalls.o
 .debug_macro   0x0001f38d       0x34 Core/Src/syscalls.o
 .debug_macro   0x0001f3c1       0x57 Core/Src/syscalls.o
 .debug_macro   0x0001f418      0x330 Core/Src/syscalls.o
 .debug_macro   0x0001f748       0x58 Core/Src/syscalls.o
 .debug_macro   0x0001f7a0       0x1f Core/Src/syscalls.o
 .debug_macro   0x0001f7bf       0x43 Core/Src/syscalls.o
 .debug_macro   0x0001f802       0x20 Core/Src/syscalls.o
 .debug_macro   0x0001f822      0x18e Core/Src/syscalls.o
 .debug_macro   0x0001f9b0       0x10 Core/Src/syscalls.o
 .debug_macro   0x0001f9c0       0x35 Core/Src/syscalls.o
 .debug_macro   0x0001f9f5       0x10 Core/Src/syscalls.o
 .debug_macro   0x0001fa05       0x10 Core/Src/syscalls.o
 .debug_macro   0x0001fa15       0x10 Core/Src/syscalls.o
 .debug_macro   0x0001fa25       0x1c Core/Src/syscalls.o
 .debug_macro   0x0001fa41       0x52 Core/Src/syscalls.o
 .debug_macro   0x0001fa93       0x40 Core/Src/syscalls.o
 .debug_macro   0x0001fad3       0x10 Core/Src/syscalls.o
 .debug_macro   0x0001fae3       0x40 Core/Src/syscalls.o
 .debug_macro   0x0001fb23       0xd7 Core/Src/syscalls.o
 .debug_macro   0x0001fbfa       0x1c Core/Src/syscalls.o
 .debug_macro   0x0001fc16       0x3d Core/Src/syscalls.o
 .debug_macro   0x0001fc53       0x35 Core/Src/syscalls.o
 .debug_macro   0x0001fc88      0x122 Core/Src/syscalls.o
 .debug_macro   0x0001fdaa       0x16 Core/Src/syscalls.o
 .debug_macro   0x0001fdc0       0x16 Core/Src/syscalls.o
 .debug_macro   0x0001fdd6       0x29 Core/Src/syscalls.o
 .debug_macro   0x0001fdff       0x10 Core/Src/syscalls.o
 .debug_macro   0x0001fe0f      0x241 Core/Src/syscalls.o
 .debug_macro   0x00020050       0x1c Core/Src/syscalls.o
 .debug_macro   0x0002006c       0x10 Core/Src/syscalls.o
 .debug_macro   0x0002007c       0x10 Core/Src/syscalls.o
 .debug_macro   0x0002008c       0x16 Core/Src/syscalls.o
 .debug_macro   0x000200a2      0x16f Core/Src/syscalls.o
 .debug_macro   0x00020211      0x189 Core/Src/syscalls.o
 .debug_macro   0x0002039a       0x16 Core/Src/syscalls.o
 .debug_macro   0x000203b0       0x88 Core/Src/syscalls.o
 .debug_macro   0x00020438      0x206 Core/Src/system_stm32f4xx.o
 .debug_macro   0x0002063e      0x266 Drivers/STM32F4xx_HAL_Driver/Src/stm32f4xx_hal.o
 .debug_macro   0x000208a4      0x206 Drivers/STM32F4xx_HAL_Driver/Src/stm32f4xx_hal_cortex.o
 .debug_macro   0x00020aaa      0x20c Drivers/STM32F4xx_HAL_Driver/Src/stm32f4xx_hal_gpio.o
 .debug_macro   0x00020cb6      0x206 Drivers/STM32F4xx_HAL_Driver/Src/stm32f4xx_hal_hcd.o
 .debug_macro   0x00020ebc      0x24d Drivers/STM32F4xx_HAL_Driver/Src/stm32f4xx_hal_i2c.o
 .debug_macro   0x00021109      0x20e Drivers/STM32F4xx_HAL_Driver/Src/stm32f4xx_hal_i2s.o
 .debug_macro   0x00021317      0x206 Drivers/STM32F4xx_HAL_Driver/Src/stm32f4xx_hal_i2s_ex.o
 .debug_macro   0x0002151d      0x22a Drivers/STM32F4xx_HAL_Driver/Src/stm32f4xx_hal_rcc.o
 .debug_macro   0x00021747      0x206 Drivers/STM32F4xx_HAL_Driver/Src/stm32f4xx_hal_rcc_ex.o
 .debug_macro   0x0002194d      0x215 Drivers/STM32F4xx_HAL_Driver/Src/stm32f4xx_hal_spi.o
 .debug_macro   0x00021b62      0x206 Drivers/STM32F4xx_HAL_Driver/Src/stm32f4xx_ll_usb.o
 .debug_macro   0x00021d68      0x426 Middlewares/ST/STM32_USB_Host_Library/Class/CDC/Src/usbh_cdc.o
 .debug_macro   0x0002218e       0x16 Middlewares/ST/STM32_USB_Host_Library/Class/CDC/Src/usbh_cdc.o
 .debug_macro   0x000221a4       0x97 Middlewares/ST/STM32_USB_Host_Library/Class/CDC/Src/usbh_cdc.o
 .debug_macro   0x0002223b       0xfd Middlewares/ST/STM32_USB_Host_Library/Class/CDC/Src/usbh_cdc.o
 .debug_macro   0x00022338       0x16 Middlewares/ST/STM32_USB_Host_Library/Class/CDC/Src/usbh_cdc.o
 .debug_macro   0x0002234e       0xd9 Middlewares/ST/STM32_USB_Host_Library/Class/CDC/Src/usbh_cdc.o
 .debug_macro   0x00022427       0x56 Middlewares/ST/STM32_USB_Host_Library/Class/CDC/Src/usbh_cdc.o
 .debug_macro   0x0002247d       0x73 Middlewares/ST/STM32_USB_Host_Library/Class/CDC/Src/usbh_cdc.o
 .debug_macro   0x000224f0      0x218 Middlewares/ST/STM32_USB_Host_Library/Class/CDC/Src/usbh_cdc.o
 .debug_macro   0x00022708       0x2e Middlewares/ST/STM32_USB_Host_Library/Class/CDC/Src/usbh_cdc.o
 .debug_macro   0x00022736       0x2e Middlewares/ST/STM32_USB_Host_Library/Class/CDC/Src/usbh_cdc.o
 .debug_macro   0x00022764       0x28 Middlewares/ST/STM32_USB_Host_Library/Class/CDC/Src/usbh_cdc.o
 .debug_macro   0x0002278c      0x15c Middlewares/ST/STM32_USB_Host_Library/Class/CDC/Src/usbh_cdc.o
 .debug_macro   0x000228e8      0x423 Middlewares/ST/STM32_USB_Host_Library/Core/Src/usbh_core.o
 .debug_macro   0x00022d0b      0x41b Middlewares/ST/STM32_USB_Host_Library/Core/Src/usbh_ctlreq.o
 .debug_macro   0x00023126       0x28 Middlewares/ST/STM32_USB_Host_Library/Core/Src/usbh_ctlreq.o
 .debug_macro   0x0002314e      0x415 Middlewares/ST/STM32_USB_Host_Library/Core/Src/usbh_ioreq.o
 .debug_macro   0x00023563      0x415 Middlewares/ST/STM32_USB_Host_Library/Core/Src/usbh_pipes.o
 .debug_macro   0x00023978      0x424 USB_HOST/App/usb_host.o
 .debug_macro   0x00023d9c       0x5e USB_HOST/App/usb_host.o
 .debug_macro   0x00023dfa      0x32a USB_HOST/App/usb_host.o
 .debug_macro   0x00024124      0x196 USB_HOST/App/usb_host.o
 .debug_macro   0x000242ba      0x162 USB_HOST/App/usb_host.o
 .debug_macro   0x0002441c      0x425 USB_HOST/Target/usbh_conf.o
 .debug_macro   0x00024841      0x21a USB_HOST/Target/usbh_platform.o

.debug_line     0x00000000    0x11a36
 .debug_line    0x00000000      0x8e9 Core/Src/main.o
 .debug_line    0x000008e9      0x84e Core/Src/stm32f4xx_hal_msp.o
 .debug_line    0x00001137      0x839 Core/Src/stm32f4xx_it.o
 .debug_line    0x00001970      0x5d6 Core/Src/syscalls.o
 .debug_line    0x00001f46      0x7b8 Core/Src/system_stm32f4xx.o
 .debug_line    0x000026fe      0x996 Drivers/STM32F4xx_HAL_Driver/Src/stm32f4xx_hal.o
 .debug_line    0x00003094      0x9e8 Drivers/STM32F4xx_HAL_Driver/Src/stm32f4xx_hal_cortex.o
 .debug_line    0x00003a7c      0x914 Drivers/STM32F4xx_HAL_Driver/Src/stm32f4xx_hal_gpio.o
 .debug_line    0x00004390      0xc1b Drivers/STM32F4xx_HAL_Driver/Src/stm32f4xx_hal_hcd.o
 .debug_line    0x00004fab     0x1dec Drivers/STM32F4xx_HAL_Driver/Src/stm32f4xx_hal_i2c.o
 .debug_line    0x00006d97      0xdc7 Drivers/STM32F4xx_HAL_Driver/Src/stm32f4xx_hal_i2s.o
 .debug_line    0x00007b5e      0xd56 Drivers/STM32F4xx_HAL_Driver/Src/stm32f4xx_hal_i2s_ex.o
 .debug_line    0x000088b4      0xa26 Drivers/STM32F4xx_HAL_Driver/Src/stm32f4xx_hal_rcc.o
 .debug_line    0x000092da      0x8ae Drivers/STM32F4xx_HAL_Driver/Src/stm32f4xx_hal_rcc_ex.o
 .debug_line    0x00009b88     0x120b Drivers/STM32F4xx_HAL_Driver/Src/stm32f4xx_hal_spi.o
 .debug_line    0x0000ad93      0xeec Drivers/STM32F4xx_HAL_Driver/Src/stm32f4xx_ll_usb.o
 .debug_line    0x0000bc7f      0xd2f Middlewares/ST/STM32_USB_Host_Library/Class/CDC/Src/usbh_cdc.o
 .debug_line    0x0000c9ae      0xdee Middlewares/ST/STM32_USB_Host_Library/Core/Src/usbh_core.o
 .debug_line    0x0000d79c      0xd26 Middlewares/ST/STM32_USB_Host_Library/Core/Src/usbh_ctlreq.o
 .debug_line    0x0000e4c2      0xaea Middlewares/ST/STM32_USB_Host_Library/Core/Src/usbh_ioreq.o
 .debug_line    0x0000efac      0xa9e Middlewares/ST/STM32_USB_Host_Library/Core/Src/usbh_pipes.o
 .debug_line    0x0000fa4a      0xae7 USB_HOST/App/usb_host.o
 .debug_line    0x00010531      0xc81 USB_HOST/Target/usbh_conf.o
 .debug_line    0x000111b2      0x803 USB_HOST/Target/usbh_platform.o
 .debug_line    0x000119b5       0x81 startup/startup_stm32f407xx.o

.debug_str      0x00000000    0xcbef8
 .debug_str     0x00000000    0xc0a8d Core/Src/main.o
                              0xc0dcd (size before relaxing)
 .debug_str     0x000c0a8d      0x162 Core/Src/stm32f4xx_hal_msp.o
                              0xc0cb0 (size before relaxing)
 .debug_str     0x000c0bef      0x45c Core/Src/stm32f4xx_it.o
                              0xc06ae (size before relaxing)
 .debug_str     0x000c104b     0x4f77 Core/Src/syscalls.o
                               0x85b6 (size before relaxing)
 .debug_str     0x000c5fc2       0xaf Core/Src/system_stm32f4xx.o
                              0xbfcdd (size before relaxing)
 .debug_str     0x000c6071      0xa58 Drivers/STM32F4xx_HAL_Driver/Src/stm32f4xx_hal.o
                              0xc0804 (size before relaxing)
 .debug_str     0x000c6ac9      0x34d Drivers/STM32F4xx_HAL_Driver/Src/stm32f4xx_hal_cortex.o
                              0xc05ae (size before relaxing)
 .debug_str     0x000c6e16      0x11e Drivers/STM32F4xx_HAL_Driver/Src/stm32f4xx_hal_gpio.o
                              0xbfe84 (size before relaxing)
 .debug_str     0x000c6f34      0x531 Drivers/STM32F4xx_HAL_Driver/Src/stm32f4xx_hal_hcd.o
                              0xc04d2 (size before relaxing)
 .debug_str     0x000c7465      0xaf2 Drivers/STM32F4xx_HAL_Driver/Src/stm32f4xx_hal_i2c.o
                              0xc0cc4 (size before relaxing)
 .debug_str     0x000c7f57      0x298 Drivers/STM32F4xx_HAL_Driver/Src/stm32f4xx_hal_i2s.o
                              0xc02ec (size before relaxing)
 .debug_str     0x000c81ef      0x1f1 Drivers/STM32F4xx_HAL_Driver/Src/stm32f4xx_hal_i2s_ex.o
                              0xc0217 (size before relaxing)
 .debug_str     0x000c83e0      0x213 Drivers/STM32F4xx_HAL_Driver/Src/stm32f4xx_hal_rcc.o
                              0xc0106 (size before relaxing)
 .debug_str     0x000c85f3       0xde Drivers/STM32F4xx_HAL_Driver/Src/stm32f4xx_hal_rcc_ex.o
                              0xbfe40 (size before relaxing)
 .debug_str     0x000c86d1      0x52d Drivers/STM32F4xx_HAL_Driver/Src/stm32f4xx_hal_spi.o
                              0xc05bd (size before relaxing)
 .debug_str     0x000c8bfe      0x4ff Drivers/STM32F4xx_HAL_Driver/Src/stm32f4xx_ll_usb.o
                              0xc0608 (size before relaxing)
 .debug_str     0x000c90fd     0x263c Middlewares/ST/STM32_USB_Host_Library/Class/CDC/Src/usbh_cdc.o
                              0xc67bc (size before relaxing)
 .debug_str     0x000cb739      0x304 Middlewares/ST/STM32_USB_Host_Library/Core/Src/usbh_core.o
                              0xc5cb1 (size before relaxing)
 .debug_str     0x000cba3d      0x1db Middlewares/ST/STM32_USB_Host_Library/Core/Src/usbh_ctlreq.o
                              0xc5c38 (size before relaxing)
 .debug_str     0x000cbc18       0xb2 Middlewares/ST/STM32_USB_Host_Library/Core/Src/usbh_ioreq.o
                              0xc5a6c (size before relaxing)
 .debug_str     0x000cbcca       0x80 Middlewares/ST/STM32_USB_Host_Library/Core/Src/usbh_pipes.o
                              0xc5a02 (size before relaxing)
 .debug_str     0x000cbd4a       0xa2 USB_HOST/App/usb_host.o
                              0xc610f (size before relaxing)
 .debug_str     0x000cbdec       0xba USB_HOST/Target/usbh_conf.o
                              0xc68ea (size before relaxing)
 .debug_str     0x000cbea6       0x23 USB_HOST/Target/usbh_platform.o
                              0xbfc18 (size before relaxing)
 .debug_str     0x000cbec9       0x2f startup/startup_stm32f407xx.o
                                 0x76 (size before relaxing)

.comment        0x00000000       0x7f
 .comment       0x00000000       0x7f Core/Src/main.o
                                 0x80 (size before relaxing)
 .comment       0x0000007f       0x80 Core/Src/stm32f4xx_hal_msp.o
 .comment       0x0000007f       0x80 Core/Src/stm32f4xx_it.o
 .comment       0x0000007f       0x80 Core/Src/syscalls.o
 .comment       0x0000007f       0x80 Core/Src/system_stm32f4xx.o
 .comment       0x0000007f       0x80 Drivers/STM32F4xx_HAL_Driver/Src/stm32f4xx_hal.o
 .comment       0x0000007f       0x80 Drivers/STM32F4xx_HAL_Driver/Src/stm32f4xx_hal_cortex.o
 .comment       0x0000007f       0x80 Drivers/STM32F4xx_HAL_Driver/Src/stm32f4xx_hal_gpio.o
 .comment       0x0000007f       0x80 Drivers/STM32F4xx_HAL_Driver/Src/stm32f4xx_hal_hcd.o
 .comment       0x0000007f       0x80 Drivers/STM32F4xx_HAL_Driver/Src/stm32f4xx_hal_i2c.o
 .comment       0x0000007f       0x80 Drivers/STM32F4xx_HAL_Driver/Src/stm32f4xx_hal_i2s.o
 .comment       0x0000007f       0x80 Drivers/STM32F4xx_HAL_Driver/Src/stm32f4xx_hal_i2s_ex.o
 .comment       0x0000007f       0x80 Drivers/STM32F4xx_HAL_Driver/Src/stm32f4xx_hal_rcc.o
 .comment       0x0000007f       0x80 Drivers/STM32F4xx_HAL_Driver/Src/stm32f4xx_hal_rcc_ex.o
 .comment       0x0000007f       0x80 Drivers/STM32F4xx_HAL_Driver/Src/stm32f4xx_hal_spi.o
 .comment       0x0000007f       0x80 Drivers/STM32F4xx_HAL_Driver/Src/stm32f4xx_ll_usb.o
 .comment       0x0000007f       0x80 Middlewares/ST/STM32_USB_Host_Library/Class/CDC/Src/usbh_cdc.o
 .comment       0x0000007f       0x80 Middlewares/ST/STM32_USB_Host_Library/Core/Src/usbh_core.o
 .comment       0x0000007f       0x80 Middlewares/ST/STM32_USB_Host_Library/Core/Src/usbh_ctlreq.o
 .comment       0x0000007f       0x80 Middlewares/ST/STM32_USB_Host_Library/Core/Src/usbh_ioreq.o
 .comment       0x0000007f       0x80 Middlewares/ST/STM32_USB_Host_Library/Core/Src/usbh_pipes.o
 .comment       0x0000007f       0x80 USB_HOST/App/usb_host.o
 .comment       0x0000007f       0x80 USB_HOST/Target/usbh_conf.o
 .comment       0x0000007f       0x80 USB_HOST/Target/usbh_platform.o

.debug_frame    0x00000000     0x31c8
 .debug_frame   0x00000000       0xcc Core/Src/main.o
 .debug_frame   0x000000cc       0xdc Core/Src/stm32f4xx_hal_msp.o
 .debug_frame   0x000001a8       0xc0 Core/Src/stm32f4xx_it.o
 .debug_frame   0x00000268      0x1a8 Core/Src/syscalls.o
 .debug_frame   0x00000410       0x30 Core/Src/system_stm32f4xx.o
 .debug_frame   0x00000440      0x1ec Drivers/STM32F4xx_HAL_Driver/Src/stm32f4xx_hal.o
 .debug_frame   0x0000062c      0x15c Drivers/STM32F4xx_HAL_Driver/Src/stm32f4xx_hal_cortex.o
 .debug_frame   0x00000788       0xd8 Drivers/STM32F4xx_HAL_Driver/Src/stm32f4xx_hal_gpio.o
 .debug_frame   0x00000860      0x2b0 Drivers/STM32F4xx_HAL_Driver/Src/stm32f4xx_hal_hcd.o
 .debug_frame   0x00000b10      0x950 Drivers/STM32F4xx_HAL_Driver/Src/stm32f4xx_hal_i2c.o
 .debug_frame   0x00001460      0x328 Drivers/STM32F4xx_HAL_Driver/Src/stm32f4xx_hal_i2s.o
 .debug_frame   0x00001788      0x188 Drivers/STM32F4xx_HAL_Driver/Src/stm32f4xx_hal_i2s_ex.o
 .debug_frame   0x00001910      0x184 Drivers/STM32F4xx_HAL_Driver/Src/stm32f4xx_hal_rcc.o
 .debug_frame   0x00001a94       0xa4 Drivers/STM32F4xx_HAL_Driver/Src/stm32f4xx_hal_rcc_ex.o
 .debug_frame   0x00001b38      0x5a0 Drivers/STM32F4xx_HAL_Driver/Src/stm32f4xx_hal_spi.o
 .debug_frame   0x000020d8      0x4b8 Drivers/STM32F4xx_HAL_Driver/Src/stm32f4xx_ll_usb.o
 .debug_frame   0x00002590      0x1bc Middlewares/ST/STM32_USB_Host_Library/Class/CDC/Src/usbh_cdc.o
 .debug_frame   0x0000274c      0x200 Middlewares/ST/STM32_USB_Host_Library/Core/Src/usbh_core.o
 .debug_frame   0x0000294c      0x1e8 Middlewares/ST/STM32_USB_Host_Library/Core/Src/usbh_ctlreq.o
 .debug_frame   0x00002b34      0x130 Middlewares/ST/STM32_USB_Host_Library/Core/Src/usbh_ioreq.o
 .debug_frame   0x00002c64       0x84 Middlewares/ST/STM32_USB_Host_Library/Core/Src/usbh_pipes.o
 .debug_frame   0x00002ce8       0x50 USB_HOST/App/usb_host.o
 .debug_frame   0x00002d38      0x250 USB_HOST/Target/usbh_conf.o
 .debug_frame   0x00002f88       0x28 USB_HOST/Target/usbh_platform.o
 .debug_frame   0x00002fb0       0x2c c:/ac6/systemworkbench/plugins/fr.ac6.mcu.externaltools.arm-none.win32_1.17.0.201812190825/tools/compiler/bin/../lib/gcc/arm-none-eabi/7.3.1/thumb/v7e-m/fpv4-sp/hard\libgcc.a(_aeabi_uldivmod.o)
 .debug_frame   0x00002fdc       0x34 c:/ac6/systemworkbench/plugins/fr.ac6.mcu.externaltools.arm-none.win32_1.17.0.201812190825/tools/compiler/bin/../lib/gcc/arm-none-eabi/7.3.1/thumb/v7e-m/fpv4-sp/hard\libgcc.a(_udivmoddi4.o)
 .debug_frame   0x00003010       0x20 c:/ac6/systemworkbench/plugins/fr.ac6.mcu.externaltools.arm-none.win32_1.17.0.201812190825/tools/compiler/bin/../lib/gcc/arm-none-eabi/7.3.1/../../../../arm-none-eabi/lib/thumb/v7e-m/fpv4-sp/hard\libc_nano.a(lib_a-errno.o)
 .debug_frame   0x00003030       0x2c c:/ac6/systemworkbench/plugins/fr.ac6.mcu.externaltools.arm-none.win32_1.17.0.201812190825/tools/compiler/bin/../lib/gcc/arm-none-eabi/7.3.1/../../../../arm-none-eabi/lib/thumb/v7e-m/fpv4-sp/hard\libc_nano.a(lib_a-init.o)
 .debug_frame   0x0000305c       0x30 c:/ac6/systemworkbench/plugins/fr.ac6.mcu.externaltools.arm-none.win32_1.17.0.201812190825/tools/compiler/bin/../lib/gcc/arm-none-eabi/7.3.1/../../../../arm-none-eabi/lib/thumb/v7e-m/fpv4-sp/hard\libc_nano.a(lib_a-malloc.o)
 .debug_frame   0x0000308c       0x20 c:/ac6/systemworkbench/plugins/fr.ac6.mcu.externaltools.arm-none.win32_1.17.0.201812190825/tools/compiler/bin/../lib/gcc/arm-none-eabi/7.3.1/../../../../arm-none-eabi/lib/thumb/v7e-m/fpv4-sp/hard\libc_nano.a(lib_a-memset.o)
 .debug_frame   0x000030ac       0x38 c:/ac6/systemworkbench/plugins/fr.ac6.mcu.externaltools.arm-none.win32_1.17.0.201812190825/tools/compiler/bin/../lib/gcc/arm-none-eabi/7.3.1/../../../../arm-none-eabi/lib/thumb/v7e-m/fpv4-sp/hard\libc_nano.a(lib_a-nano-freer.o)
 .debug_frame   0x000030e4       0x2c c:/ac6/systemworkbench/plugins/fr.ac6.mcu.externaltools.arm-none.win32_1.17.0.201812190825/tools/compiler/bin/../lib/gcc/arm-none-eabi/7.3.1/../../../../arm-none-eabi/lib/thumb/v7e-m/fpv4-sp/hard\libc_nano.a(lib_a-nano-mallocr.o)
 .debug_frame   0x00003110       0x2c c:/ac6/systemworkbench/plugins/fr.ac6.mcu.externaltools.arm-none.win32_1.17.0.201812190825/tools/compiler/bin/../lib/gcc/arm-none-eabi/7.3.1/../../../../arm-none-eabi/lib/thumb/v7e-m/fpv4-sp/hard\libc_nano.a(lib_a-sbrkr.o)
 .debug_frame   0x0000313c       0x30 c:/ac6/systemworkbench/plugins/fr.ac6.mcu.externaltools.arm-none.win32_1.17.0.201812190825/tools/compiler/bin/../lib/gcc/arm-none-eabi/7.3.1/../../../../arm-none-eabi/lib/thumb/v7e-m/fpv4-sp/hard\libc_nano.a(lib_a-mlock.o)
 .debug_frame   0x0000316c       0x5c c:/ac6/systemworkbench/plugins/fr.ac6.mcu.externaltools.arm-none.win32_1.17.0.201812190825/tools/compiler/bin/../lib/gcc/arm-none-eabi/7.3.1/../../../../arm-none-eabi/lib/thumb/v7e-m/fpv4-sp/hard\libc_nano.a(lib_a-reent.o)

.debug_loc      0x00000000     0xdb98
 .debug_loc     0x00000000      0x143 Core/Src/stm32f4xx_hal_msp.o
 .debug_loc     0x00000143      0x3af Core/Src/syscalls.o
 .debug_loc     0x000004f2      0x13e Core/Src/system_stm32f4xx.o
 .debug_loc     0x00000630      0x11b Drivers/STM32F4xx_HAL_Driver/Src/stm32f4xx_hal.o
 .debug_loc     0x0000074b      0x5ce Drivers/STM32F4xx_HAL_Driver/Src/stm32f4xx_hal_cortex.o
 .debug_loc     0x00000d19      0x475 Drivers/STM32F4xx_HAL_Driver/Src/stm32f4xx_hal_gpio.o
 .debug_loc     0x0000118e      0xe70 Drivers/STM32F4xx_HAL_Driver/Src/stm32f4xx_hal_hcd.o
 .debug_loc     0x00001ffe     0x39ef Drivers/STM32F4xx_HAL_Driver/Src/stm32f4xx_hal_i2c.o
 .debug_loc     0x000059ed      0xced Drivers/STM32F4xx_HAL_Driver/Src/stm32f4xx_hal_i2s.o
 .debug_loc     0x000066da      0xa9f Drivers/STM32F4xx_HAL_Driver/Src/stm32f4xx_hal_i2s_ex.o
 .debug_loc     0x00007179      0x40f Drivers/STM32F4xx_HAL_Driver/Src/stm32f4xx_hal_rcc.o
 .debug_loc     0x00007588      0x2c7 Drivers/STM32F4xx_HAL_Driver/Src/stm32f4xx_hal_rcc_ex.o
 .debug_loc     0x0000784f     0x1a84 Drivers/STM32F4xx_HAL_Driver/Src/stm32f4xx_hal_spi.o
 .debug_loc     0x000092d3     0x1f94 Drivers/STM32F4xx_HAL_Driver/Src/stm32f4xx_ll_usb.o
 .debug_loc     0x0000b267      0x612 Middlewares/ST/STM32_USB_Host_Library/Class/CDC/Src/usbh_cdc.o
 .debug_loc     0x0000b879      0x84c Middlewares/ST/STM32_USB_Host_Library/Core/Src/usbh_core.o
 .debug_loc     0x0000c0c5      0xbc3 Middlewares/ST/STM32_USB_Host_Library/Core/Src/usbh_ctlreq.o
 .debug_loc     0x0000cc88      0x50f Middlewares/ST/STM32_USB_Host_Library/Core/Src/usbh_ioreq.o
 .debug_loc     0x0000d197      0x1be Middlewares/ST/STM32_USB_Host_Library/Core/Src/usbh_pipes.o
 .debug_loc     0x0000d355      0x7ee USB_HOST/Target/usbh_conf.o
 .debug_loc     0x0000db43       0x55 USB_HOST/Target/usbh_platform.o
